Archive member included to satisfy reference by file (symbol)

c:/program files (x86)/atmel/studio/7.0/toolchain/avr8/avr8-gnu-toolchain/bin/../lib/gcc/avr/5.4.0/avr5\libgcc.a(_udivmodqi4.o)
                              HAL/SevSeg.o (__udivmodqi4)
c:/program files (x86)/atmel/studio/7.0/toolchain/avr8/avr8-gnu-toolchain/bin/../lib/gcc/avr/5.4.0/avr5\libgcc.a(_udivmodhi4.o)
                              APP/TempFilter.o (__udivmodhi4)
c:/program files (x86)/atmel/studio/7.0/toolchain/avr8/avr8-gnu-toolchain/bin/../lib/gcc/avr/5.4.0/avr5\libgcc.a(_udivmodsi4.o)
                              HAL/ServoMotor.o (__udivmodsi4)
c:/program files (x86)/atmel/studio/7.0/toolchain/avr8/avr8-gnu-toolchain/bin/../lib/gcc/avr/5.4.0/avr5\libgcc.a(_divmodsi4.o)
                              APP/convertNumber.o (__divmodsi4)
c:/program files (x86)/atmel/studio/7.0/toolchain/avr8/avr8-gnu-toolchain/bin/../lib/gcc/avr/5.4.0/avr5\libgcc.a(_negsi2.o)
                              c:/program files (x86)/atmel/studio/7.0/toolchain/avr8/avr8-gnu-toolchain/bin/../lib/gcc/avr/5.4.0/avr5\libgcc.a(_divmodsi4.o) (__negsi2)
c:/program files (x86)/atmel/studio/7.0/toolchain/avr8/avr8-gnu-toolchain/bin/../lib/gcc/avr/5.4.0/avr5\libgcc.a(_exit.o)
                              C:/Program Files (x86)/Atmel/Studio/7.0/Packs/atmel/ATmega_DFP/1.7.374/gcc/dev/atmega32/avr5/crtatmega32.o (exit)
c:/program files (x86)/atmel/studio/7.0/toolchain/avr8/avr8-gnu-toolchain/bin/../lib/gcc/avr/5.4.0/avr5\libgcc.a(_copy_data.o)
                              APP/convertNumber.o (__do_copy_data)
c:/program files (x86)/atmel/studio/7.0/toolchain/avr8/avr8-gnu-toolchain/bin/../lib/gcc/avr/5.4.0/avr5\libgcc.a(_clear_bss.o)
                              APP/TempFilter.o (__do_clear_bss)
c:/program files (x86)/atmel/studio/7.0/toolchain/avr8/avr8-gnu-toolchain/bin/../lib/gcc/avr/5.4.0/avr5\libgcc.a(_umulhisi3.o)
                              APP/TempFilter.o (__umulhisi3)
c:/program files (x86)/atmel/studio/7.0/toolchain/avr8/avr8-gnu-toolchain/bin/../lib/gcc/avr/5.4.0/avr5\libgcc.a(_muluhisi3.o)
                              APP/convertNumber.o (__muluhisi3)
c:/program files (x86)/atmel/studio/7.0/toolchain/avr8/avr8-gnu-toolchain/bin/../lib/gcc/avr/5.4.0/../../../../avr/lib/avr5\libc.a(memcpy.o)
                              FREERTOS/queue.o (memcpy)

Allocating common symbols
Common symbol       size              file

funcName            0x14              SERVICES/UART_Services.o
slaveRecieveData    0x8               MCAL/SPI.o
masterRecieveStr    0x14              MCAL/SPI.o
slaveRecieveStr     0xa0              MCAL/SPI.o
data                0x1               SERVICES/UART_Services.o

Discarded input sections

 .data          0x00000000        0x0 C:/Program Files (x86)/Atmel/Studio/7.0/Packs/atmel/ATmega_DFP/1.7.374/gcc/dev/atmega32/avr5/crtatmega32.o
 .bss           0x00000000        0x0 C:/Program Files (x86)/Atmel/Studio/7.0/Packs/atmel/ATmega_DFP/1.7.374/gcc/dev/atmega32/avr5/crtatmega32.o
 .group         0x00000000        0x8 APP/Calculator.o
 .group         0x00000000        0x8 APP/Calculator.o
 .text          0x00000000        0x0 APP/Calculator.o
 .data          0x00000000        0x0 APP/Calculator.o
 .bss           0x00000000        0x0 APP/Calculator.o
 .text.str2num  0x00000000       0x32 APP/Calculator.o
 .text.Solve_Equation
                0x00000000        0x8 APP/Calculator.o
 .debug_info    0x00000000      0x11a APP/Calculator.o
 .debug_abbrev  0x00000000       0xac APP/Calculator.o
 .debug_loc     0x00000000       0x7b APP/Calculator.o
 .debug_aranges
                0x00000000       0x28 APP/Calculator.o
 .debug_ranges  0x00000000       0x18 APP/Calculator.o
 .debug_macro   0x00000000       0x1a APP/Calculator.o
 .debug_macro   0x00000000      0xa54 APP/Calculator.o
 .debug_macro   0x00000000       0x10 APP/Calculator.o
 .debug_line    0x00000000       0x98 APP/Calculator.o
 .debug_str     0x00000000     0x2bec APP/Calculator.o
 .comment       0x00000000       0x31 APP/Calculator.o
 .debug_frame   0x00000000       0x34 APP/Calculator.o
 .group         0x00000000        0x8 APP/convertNumber.o
 .group         0x00000000        0x8 APP/convertNumber.o
 .group         0x00000000        0x8 APP/convertNumber.o
 .group         0x00000000        0x8 APP/convertNumber.o
 .group         0x00000000        0x8 APP/convertNumber.o
 .group         0x00000000        0x8 APP/convertNumber.o
 .group         0x00000000        0x8 APP/convertNumber.o
 .group         0x00000000        0x8 APP/convertNumber.o
 .text          0x00000000        0x0 APP/convertNumber.o
 .data          0x00000000        0x0 APP/convertNumber.o
 .bss           0x00000000        0x0 APP/convertNumber.o
 .rodata.str1.1
                0x00000000       0x46 APP/convertNumber.o
 .text.Get_Choise
                0x00000000       0x38 APP/convertNumber.o
 .text.Convert2Dec
                0x00000000      0x278 APP/convertNumber.o
 .text.Screen_Welcome
[...]
Memory Configuration

Name             Origin             Length             Attributes
text             0x00000000         0x00008000         xr
data             0x00800060         0x00000800         rw !x
eeprom           0x00810000         0x00000400         rw !x
fuse             0x00820000         0x00000002         rw !x
lock             0x00830000         0x00000400         rw !x
signature        0x00840000         0x00000400         rw !x
user_signatures  0x00850000         0x00000400         rw !x
*default*        0x00000000         0xffffffff

Linker script and memory map

LOAD C:/Program Files (x86)/Atmel/Studio/7.0/Packs/atmel/ATmega_DFP/1.7.374/gcc/dev/atmega32/avr5/crtatmega32.o
LOAD APP/Calculator.o
LOAD APP/convertNumber.o
LOAD APP/Stopwatch.o
LOAD APP/TempFilter.o
LOAD CFG/ADC_Cfg.o
LOAD CFG/DIO_Cfg.o
LOAD CFG/External_Interrupt_Cfg.o
LOAD CFG/KeyPad_Cfg.o
LOAD CFG/LCD_Cfg.o
LOAD CFG/Motors_Cfg.o
LOAD CFG/RGB_Cfg.o
LOAD CFG/ServoMotor_Cfg.o
LOAD CFG/SevSeg_Cfg.o
LOAD CFG/stepperMotor_Cfg.o
LOAD CFG/UART_Task_Cfg.o
LOAD CFG/UltraSonic_Cfg.o
LOAD FREERTOS/croutine.o
LOAD FREERTOS/event_groups.o
LOAD FREERTOS/heap_1.o
LOAD FREERTOS/list.o
LOAD FREERTOS/portable/port.o
LOAD FREERTOS/queue.o
LOAD FREERTOS/stream_buffer.o
LOAD FREERTOS/tasks.o
LOAD FREERTOS/timers.o
LOAD HAL/bluetooth.o
LOAD HAL/EepromExt.o
LOAD HAL/KeyPad.o
LOAD HAL/LCD.o
LOAD HAL/Motors.o
LOAD HAL/ServoMotor.o
LOAD HAL/SevSeg.o
LOAD HAL/stepperMotor.o
LOAD HAL/UltraSonic.o
LOAD HAL/RGB.o
LOAD main.o
LOAD MCAL/ADC.o
LOAD MCAL/DIO.o
LOAD MCAL/eepromInternal.o
LOAD MCAL/External_Interrupt.o
LOAD MCAL/IIC.o
LOAD MCAL/SPI.o
LOAD MCAL/Timers.o
LOAD MCAL/UART.o
LOAD My_Tasks.o
LOAD SERVICES/Timers_Services.o
LOAD SERVICES/UART_Services.o
START GROUP
LOAD c:/program files (x86)/atmel/studio/7.0/toolchain/avr8/avr8-gnu-toolchain/bin/../lib/gcc/avr/5.4.0/../../../../avr/lib/avr5\libm.a
END GROUP
START GROUP
LOAD c:/program files (x86)/atmel/studio/7.0/toolchain/avr8/avr8-gnu-toolchain/bin/../lib/gcc/avr/5.4.0/avr5\libgcc.a
LOAD c:/program files (x86)/atmel/studio/7.0/toolchain/avr8/avr8-gnu-toolchain/bin/../lib/gcc/avr/5.4.0/../../../../avr/lib/avr5\libm.a
LOAD c:/program files (x86)/atmel/studio/7.0/toolchain/avr8/avr8-gnu-toolchain/bin/../lib/gcc/avr/5.4.0/../../../../avr/lib/avr5\libc.a
LOAD C:/Program Files (x86)/Atmel/Studio/7.0/Packs/atmel/ATmega_DFP/1.7.374/gcc/dev/atmega32/avr5\libatmega32.a
END GROUP
                0x00000000                __TEXT_REGION_ORIGIN__ = DEFINED (__TEXT_REGION_ORIGIN__)?__TEXT_REGION_ORIGIN__:0x0
                [0x00800060]                __DATA_REGION_ORIGIN__ = DEFINED (__DATA_REGION_ORIGIN__)?__DATA_REGION_ORIGIN__:0x800060
                [0x00008000]                __TEXT_REGION_LENGTH__ = DEFINED (__TEXT_REGION_LENGTH__)?__TEXT_REGION_LENGTH__:0x20000
                [0x00000800]                __DATA_REGION_LENGTH__ = DEFINED (__DATA_REGION_LENGTH__)?__DATA_REGION_LENGTH__:0xffa0
                [0x00000400]                __EEPROM_REGION_LENGTH__ = DEFINED (__EEPROM_REGION_LENGTH__)?__EEPROM_REGION_LENGTH__:0x10000
                [0x00000002]                __FUSE_REGION_LENGTH__ = DEFINED (__FUSE_REGION_LENGTH__)?__FUSE_REGION_LENGTH__:0x400
                0x00000400                __LOCK_REGION_LENGTH__ = DEFINED (__LOCK_REGION_LENGTH__)?__LOCK_REGION_LENGTH__:0x400
                0x00000400                __SIGNATURE_REGION_LENGTH__ = DEFINED (__SIGNATURE_REGION_LENGTH__)?__SIGNATURE_REGION_LENGTH__:0x400
                0x00000400                __USER_SIGNATURE_REGION_LENGTH__ = DEFINED (__USER_SIGNATURE_REGION_LENGTH__)?__USER_SIGNATURE_REGION_LENGTH__:0x400

.hash
 *(.hash)

.dynsym
 *(.dynsym)

.dynstr
 *(.dynstr)

.gnu.version
 *(.gnu.version)

.gnu.version_d
 *(.gnu.version_d)

.gnu.version_r
 *(.gnu.version_r)

.rel.init
 *(.rel.init)

.rela.init
 *(.rela.init)

.rel.text
 *(.rel.text)
 *(.rel.text.*)
 *(.rel.gnu.linkonce.t*)

.rela.text
 *(.rela.text)
 *(.rela.text.*)
 *(.rela.gnu.linkonce.t*)

.rel.fini
 *(.rel.fini)

.rela.fini
 *(.rela.fini)

.rel.rodata
 *(.rel.rodata)
 *(.rel.rodata.*)
 *(.rel.gnu.linkonce.r*)

.rela.rodata
 *(.rela.rodata)
 *(.rela.rodata.*)
 *(.rela.gnu.linkonce.r*)

.rel.data
 *(.rel.data)
 *(.rel.data.*)
 *(.rel.gnu.linkonce.d*)

.rela.data
 *(.rela.data)
 *(.rela.data.*)
 *(.rela.gnu.linkonce.d*)

.rel.ctors
 *(.rel.ctors)

.rela.ctors
 *(.rela.ctors)

.rel.dtors
 *(.rel.dtors)

.rela.dtors
 *(.rela.dtors)

.rel.got
 *(.rel.got)

.rela.got
 *(.rela.got)

.rel.bss
 *(.rel.bss)

.rela.bss
 *(.rela.bss)

.rel.plt
 *(.rel.plt)

.rela.plt
 *(.rela.plt)

.text           0x00000000      0x97c
 *(.vectors)
 .vectors       0x00000000       0x54 C:/Program Files (x86)/Atmel/Studio/7.0/Packs/atmel/ATmega_DFP/1.7.374/gcc/dev/atmega32/avr5/crtatmega32.o
                0x00000000                __vector_default
                0x00000000                __vectors
 *(.vectors)
 *(.progmem.gcc*)
                0x00000054                . = ALIGN (0x2)
                0x00000054                __trampolines_start = .
 *(.trampolines)
 .trampolines   0x00000054        0x0 linker stubs
 *(.trampolines*)
                0x00000054                __trampolines_end = .
 *libprintf_flt.a:*(.progmem.data)
 *libc.a:*(.progmem.data)
 *(.progmem*)
                0x00000054                . = ALIGN (0x2)
 *(.jumptables)
 *(.jumptables*)
 *(.lowtext)
 *(.lowtext*)
                0x00000054                __ctors_start = .
 *(.ctors)
                0x00000054                __ctors_end = .
                0x00000054                __dtors_start = .
 *(.dtors)
                0x00000054                __dtors_end = .
 SORT(*)(.ctors)
 SORT(*)(.dtors)
 *(.init0)
 .init0         0x00000054        0x0 C:/Program Files (x86)/Atmel/Studio/7.0/Packs/atmel/ATmega_DFP/1.7.374/gcc/dev/atmega32/avr5/crtatmega32.o
                0x00000054                __init
 *(.init0)
 *(.init1)
 *(.init1)
 *(.init2)
 .init2         0x00000054        0xc C:/Program Files (x86)/Atmel/Studio/7.0/Packs/atmel/ATmega_DFP/1.7.374/gcc/dev/atmega32/avr5/crtatmega32.o
 *(.init2)
 *(.init3)
 *(.init3)
 *(.init4)
 .init4         0x00000060       0x16 c:/program files (x86)/atmel/studio/7.0/toolchain/avr8/avr8-gnu-toolchain/bin/../lib/gcc/avr/5.4.0/avr5\libgcc.a(_copy_data.o)
                0x00000060                __do_copy_data
 .init4         0x00000076       0x10 c:/program files (x86)/atmel/studio/7.0/toolchain/avr8/avr8-gnu-toolchain/bin/../lib/gcc/avr/5.4.0/avr5\libgcc.a(_clear_bss.o)
                0x00000076                __do_clear_bss
 *(.init4)
 *(.init5)
 *(.init5)
 *(.init6)
 *(.init6)
 *(.init7)
 *(.init7)
 *(.init8)
 *(.init8)
 *(.init9)
 .init9         0x00000086        0x8 C:/Program Files (x86)/Atmel/Studio/7.0/Packs/atmel/ATmega_DFP/1.7.374/gcc/dev/atmega32/avr5/crtatmega32.o
 *(.init9)
 *(.text)
 .text          0x0000008e        0x4 C:/Program Files (x86)/Atmel/Studio/7.0/Packs/atmel/ATmega_DFP/1.7.374/gcc/dev/atmega32/avr5/crtatmega32.o
                0x0000008e                __bad_interrupt
                0x0000008e                __vector_6
                0x0000008e                __vector_17
                0x0000008e                __vector_5
                0x0000008e                __vector_4
                0x0000008e                __vector_9
                0x0000008e                __vector_8
                0x0000008e                __vector_14
                0x0000008e                __vector_10
                0x0000008e                __vector_16
                0x0000008e                __vector_18
                0x0000008e                __vector_20
                0x00000092                . = ALIGN (0x2)
 *(.text.*)
 .text.vPortYieldFromTick
                0x00000092       0xb8 FREERTOS/portable/port.o
                0x00000092                vPortYieldFromTick
 .text.__vector_7
                0x0000014a        0x6 FREERTOS/portable/port.o
                0x0000014a                __vector_7
 .text.prvResetNextTaskUnblockTime
                0x00000150       0x30 FREERTOS/tasks.o
 .text.xTaskIncrementTick
                0x00000180      0x1fe FREERTOS/tasks.o
                0x00000180                xTaskIncrementTick
 .text.vTaskSwitchContext
                0x0000037e       0x86 FREERTOS/tasks.o
                0x0000037e                vTaskSwitchContext
 .text.startup.main
                0x00000404      0x10e main.o
                0x00000404                main
 .text.DIO_InitPin
                0x00000512      0x1bc MCAL/DIO.o
                0x00000512                DIO_InitPin
 .text.DIO_Init
                0x000006ce       0x26 MCAL/DIO.o
                0x000006ce                DIO_Init
 .text.__vector_3
                0x000006f4       0x4e MCAL/External_Interrupt.o
                0x000006f4                __vector_3
 .text.__vector_1
                0x00000742       0x4e MCAL/External_Interrupt.o
                0x00000742                __vector_1
 .text.__vector_2
                0x00000790       0x4e MCAL/External_Interrupt.o
                0x00000790                __vector_2
 .text.__vector_19
                0x000007de       0x52 MCAL/IIC.o
                0x000007de                __vector_19
 .text.__vector_12
                0x00000830       0x52 MCAL/SPI.o
                0x00000830                __vector_12
 .text.__vector_11
                0x00000882       0x52 MCAL/Timers.o
                0x00000882                __vector_11
 .text.__vector_13
                0x000008d4       0x52 MCAL/UART.o
                0x000008d4                __vector_13
 .text.__vector_15
                0x00000926       0x52 MCAL/UART.o
                0x00000926                __vector_15
                0x00000978                . = ALIGN (0x2)
 *(.fini9)
 .fini9         0x00000978        0x0 c:/program files (x86)/atmel/studio/7.0/toolchain/avr8/avr8-gnu-toolchain/bin/../lib/gcc/avr/5.4.0/avr5\libgcc.a(_exit.o)
                0x00000978                _exit
                0x00000978                exit
 *(.fini9)
 *(.fini8)
 *(.fini8)
 *(.fini7)
 *(.fini7)
 *(.fini6)
 *(.fini6)
 *(.fini5)
 *(.fini5)
 *(.fini4)
 *(.fini4)
 *(.fini3)
 *(.fini3)
 *(.fini2)
 *(.fini2)
 *(.fini1)
 *(.fini1)
 *(.fini0)
 .fini0         0x00000978        0x4 c:/program files (x86)/atmel/studio/7.0/toolchain/avr8/avr8-gnu-toolchain/bin/../lib/gcc/avr/5.4.0/avr5\libgcc.a(_exit.o)
 *(.fini0)
                0x0000097c                _etext = .

.data           0x00800060       0x20 load address 0x0000097c
                0x00800060                PROVIDE (__data_start, .)
 *(.data)
 *(.data*)
 *(.gnu.linkonce.d*)
 *(.rodata)
 *(.rodata*)
 .rodata.PinStatusArray
                0x00800060       0x20 CFG/DIO_Cfg.o
                0x00800060                PinStatusArray
 *(.gnu.linkonce.r*)
                0x00800080                . = ALIGN (0x2)
                0x00800080                _edata = .
                0x00800080                PROVIDE (__data_end, .)

.bss            0x00800080       0x44
                0x00800080                PROVIDE (__bss_start, .)
 *(.bss)
 *(.bss*)
 .bss.uxSchedulerSuspended
                0x00800080        0x1 FREERTOS/tasks.o
 .bss.xNextTaskUnblockTime
                0x00800081        0x2 FREERTOS/tasks.o
 .bss.xNumOfOverflows
                0x00800083        0x1 FREERTOS/tasks.o
 .bss.xYieldPending
                0x00800084        0x1 FREERTOS/tasks.o
 .bss.xPendedTicks
                0x00800085        0x2 FREERTOS/tasks.o
 .bss.uxTopReadyPriority
                0x00800087        0x1 FREERTOS/tasks.o
 .bss.xTickCount
                0x00800088        0x2 FREERTOS/tasks.o
 .bss.pxOverflowDelayedTaskList
                0x0080008a        0x2 FREERTOS/tasks.o
 .bss.pxDelayedTaskList
                0x0080008c        0x2 FREERTOS/tasks.o
 .bss.pxReadyTasksLists
                0x0080008e       0x24 FREERTOS/tasks.o
 .bss.pxCurrentTCB
                0x008000b2        0x2 FREERTOS/tasks.o
                0x008000b2                pxCurrentTCB
 .bss.CallBack  0x008000b4        0x6 MCAL/External_Interrupt.o
 .bss.pfunc_ISR
                0x008000ba        0x2 MCAL/IIC.o
 .bss.pfunc_ISR
                0x008000bc        0x2 MCAL/SPI.o
 .bss.Timer0_OVF_Fptr
                0x008000be        0x2 MCAL/Timers.o
 .bss.pfunc_RX_ISR
                0x008000c0        0x2 MCAL/UART.o
                0x008000c0                pfunc_RX_ISR
 .bss.pfunc_TX_ISR
                0x008000c2        0x2 MCAL/UART.o
                0x008000c2                pfunc_TX_ISR
 *(COMMON)
                0x008000c4                PROVIDE (__bss_end, .)
                0x0000097c                __data_load_start = LOADADDR (.data)
                0x0000099c                __data_load_end = (__data_load_start + SIZEOF (.data))

.noinit         0x008000c4        0x0
                [!provide]                PROVIDE (__noinit_start, .)
 *(.noinit*)
                [!provide]                PROVIDE (__noinit_end, .)
                0x008000c4                _end = .
                [!provide]                PROVIDE (__heap_start, .)

.eeprom         0x00810000        0x0
 *(.eeprom*)
                0x00810000                __eeprom_end = .

.fuse
 *(.fuse)
 *(.lfuse)
 *(.hfuse)
 *(.efuse)

.lock
 *(.lock*)

.signature
 *(.signature*)

.user_signatures
 *(.user_signatures*)

.stab
 *(.stab)

.stabstr
 *(.stabstr)

.stab.excl
 *(.stab.excl)

.stab.exclstr
 *(.stab.exclstr)

.stab.index
 *(.stab.index)

.stab.indexstr
 *(.stab.indexstr)

.comment        0x00000000       0x30
 *(.comment)
 .comment       0x00000000       0x30 CFG/DIO_Cfg.o
                                 0x31 (size before relaxing)
 .comment       0x00000030       0x31 FREERTOS/portable/port.o
 .comment       0x00000030       0x31 FREERTOS/tasks.o
 .comment       0x00000030       0x31 main.o
 .comment       0x00000030       0x31 MCAL/DIO.o
 .comment       0x00000030       0x31 MCAL/External_Interrupt.o
 .comment       0x00000030       0x31 MCAL/IIC.o
 .comment       0x00000030       0x31 MCAL/SPI.o
 .comment       0x00000030       0x31 MCAL/Timers.o
 .comment       0x00000030       0x31 MCAL/UART.o

.note.gnu.avr.deviceinfo
                0x00000000       0x3c
 .note.gnu.avr.deviceinfo
                0x00000000       0x3c C:/Program Files (x86)/Atmel/Studio/7.0/Packs/atmel/ATmega_DFP/1.7.374/gcc/dev/atmega32/avr5/crtatmega32.o

.note.gnu.build-id
 *(.note.gnu.build-id)

.debug
 *(.debug)

.line
 *(.line)

.debug_srcinfo
 *(.debug_srcinfo)

.debug_sfnames
 *(.debug_sfnames)

.debug_aranges  0x00000000      0x4a0
 *(.debug_aranges)
 .debug_aranges
                0x00000000       0x18 CFG/DIO_Cfg.o
 .debug_aranges
                0x00000018       0x48 FREERTOS/portable/port.o
 .debug_aranges
                0x00000060      0x130 FREERTOS/tasks.o
 .debug_aranges
                0x00000190       0x20 main.o
 .debug_aranges
                0x000001b0       0x48 MCAL/DIO.o
 .debug_aranges
                0x000001f8       0x50 MCAL/External_Interrupt.o
 .debug_aranges
                0x00000248       0x88 MCAL/IIC.o
 .debug_aranges
                0x000002d0       0x88 MCAL/SPI.o
 .debug_aranges
                0x00000358       0xd8 MCAL/Timers.o
 .debug_aranges
                0x00000430       0x70 MCAL/UART.o

.debug_pubnames
 *(.debug_pubnames)

.debug_info     0x00000000     0x3db2
 *(.debug_info .gnu.linkonce.wi.*)
 .debug_info    0x00000000      0x4e6 C:/Program Files (x86)/Atmel/Studio/7.0/Packs/atmel/ATmega_DFP/1.7.374/gcc/dev/atmega32/avr5/crtatmega32.o
 .debug_info    0x000004e6      0x18a CFG/DIO_Cfg.o
 .debug_info    0x00000670      0x267 FREERTOS/portable/port.o
 .debug_info    0x000008d7     0x1b0b FREERTOS/tasks.o
 .debug_info    0x000023e2      0x1f5 main.o
 .debug_info    0x000025d7      0x3a8 MCAL/DIO.o
 .debug_info    0x0000297f      0x24b MCAL/External_Interrupt.o
 .debug_info    0x00002bca      0x54f MCAL/IIC.o
 .debug_info    0x00003119      0x517 MCAL/SPI.o
 .debug_info    0x00003630      0x597 MCAL/Timers.o
 .debug_info    0x00003bc7      0x1eb MCAL/UART.o

.debug_abbrev   0x00000000     0x13df
 *(.debug_abbrev)
 .debug_abbrev  0x00000000      0x4a3 C:/Program Files (x86)/Atmel/Studio/7.0/Packs/atmel/ATmega_DFP/1.7.374/gcc/dev/atmega32/avr5/crtatmega32.o
 .debug_abbrev  0x000004a3       0x76 CFG/DIO_Cfg.o
 .debug_abbrev  0x00000519      0x158 FREERTOS/portable/port.o
 .debug_abbrev  0x00000671      0x366 FREERTOS/tasks.o
 .debug_abbrev  0x000009d7      0x113 main.o
 .debug_abbrev  0x00000aea      0x159 MCAL/DIO.o
 .debug_abbrev  0x00000c43      0x12a MCAL/External_Interrupt.o
 .debug_abbrev  0x00000d6d      0x267 MCAL/IIC.o
 .debug_abbrev  0x00000fd4      0x276 MCAL/SPI.o
 .debug_abbrev  0x0000124a       0xea MCAL/Timers.o
 .debug_abbrev  0x00001334       0xab MCAL/UART.o

.debug_line     0x00000000     0x2c03
 *(.debug_line .debug_line.* .debug_line_end)
 .debug_line    0x00000000      0x116 C:/Program Files (x86)/Atmel/Studio/7.0/Packs/atmel/ATmega_DFP/1.7.374/gcc/dev/atmega32/avr5/crtatmega32.o
 .debug_line    0x00000116       0xaa CFG/DIO_Cfg.o
 .debug_line    0x000001c0      0x487 FREERTOS/portable/port.o
 .debug_line    0x00000647      0xf50 FREERTOS/tasks.o
 .debug_line    0x00001597      0x391 main.o
 .debug_line    0x00001928      0x33c MCAL/DIO.o
 .debug_line    0x00001c64      0x173 MCAL/External_Interrupt.o
 .debug_line    0x00001dd7      0x4b1 MCAL/IIC.o
 .debug_line    0x00002288      0x439 MCAL/SPI.o
 .debug_line    0x000026c1      0x3a7 MCAL/Timers.o
 .debug_line    0x00002a68      0x19b MCAL/UART.o

.debug_frame    0x00000000      0xce0
 *(.debug_frame)
 .debug_frame   0x00000000       0x74 FREERTOS/portable/port.o
 .debug_frame   0x00000074      0x474 FREERTOS/tasks.o
 .debug_frame   0x000004e8       0x24 main.o
 .debug_frame   0x0000050c       0x84 MCAL/DIO.o
 .debug_frame   0x00000590      0x15c MCAL/External_Interrupt.o
 .debug_frame   0x000006ec      0x15c MCAL/IIC.o
 .debug_frame   0x00000848      0x158 MCAL/SPI.o
 .debug_frame   0x000009a0      0x1ec MCAL/Timers.o
 .debug_frame   0x00000b8c      0x154 MCAL/UART.o

.debug_str      0x00000000     0xe944
 *(.debug_str)
 .debug_str     0x00000000      0x196 C:/Program Files (x86)/Atmel/Studio/7.0/Packs/atmel/ATmega_DFP/1.7.374/gcc/dev/atmega32/avr5/crtatmega32.o
 .debug_str     0x00000196     0x3c5c CFG/DIO_Cfg.o
                               0x3cbc (size before relaxing)
 .debug_str     0x00003df2     0x8797 FREERTOS/portable/port.o
                               0xb88c (size before relaxing)
 .debug_str     0x0000c589     0x13ee FREERTOS/tasks.o
                               0xa8ca (size before relaxing)
 .debug_str     0x0000d977      0x426 main.o
                               0x4eff (size before relaxing)
 .debug_str     0x0000dd9d       0x98 MCAL/DIO.o
                               0x3e9f (size before relaxing)
 .debug_str     0x0000de35       0xd7 MCAL/External_Interrupt.o
                               0x3eae (size before relaxing)
 .debug_str     0x0000df0c      0x1c1 MCAL/IIC.o
                               0x5071 (size before relaxing)
 .debug_str     0x0000e0cd      0x1c1 MCAL/SPI.o
                               0x50a0 (size before relaxing)
 .debug_str     0x0000e28e      0x5b7 MCAL/Timers.o
                               0x4386 (size before relaxing)
 .debug_str     0x0000e845       0xff MCAL/UART.o
                               0x3ec0 (size before relaxing)

.debug_loc      0x00000000     0x361b
 *(.debug_loc)
 .debug_loc     0x00000000      0x2a0 FREERTOS/portable/port.o
 .debug_loc     0x000002a0     0x1b8d FREERTOS/tasks.o
 .debug_loc     0x00001e2d       0xd8 main.o
 .debug_loc     0x00001f05      0x71e MCAL/DIO.o
 .debug_loc     0x00002623      0x37b MCAL/External_Interrupt.o
 .debug_loc     0x0000299e      0x440 MCAL/IIC.o
 .debug_loc     0x00002dde      0x30a MCAL/SPI.o
 .debug_loc     0x000030e8      0x39d MCAL/Timers.o
 .debug_loc     0x00003485      0x196 MCAL/UART.o

.debug_macinfo
 *(.debug_macinfo)

.debug_weaknames
 *(.debug_weaknames)

.debug_funcnames
 *(.debug_funcnames)

.debug_typenames
 *(.debug_typenames)

.debug_varnames
 *(.debug_varnames)

.debug_pubtypes
 *(.debug_pubtypes)

.debug_ranges   0x00000000      0x4b0
 *(.debug_ranges)
 .debug_ranges  0x00000000       0x38 FREERTOS/portable/port.o
 .debug_ranges  0x00000038      0x1d8 FREERTOS/tasks.o
 .debug_ranges  0x00000210       0x10 main.o
 .debug_ranges  0x00000220       0x38 MCAL/DIO.o
 .debug_ranges  0x00000258       0x40 MCAL/External_Interrupt.o
 .debug_ranges  0x00000298       0x78 MCAL/IIC.o
 .debug_ranges  0x00000310       0x78 MCAL/SPI.o
 .debug_ranges  0x00000388       0xc8 MCAL/Timers.o
 .debug_ranges  0x00000450       0x60 MCAL/UART.o

.debug_macro    0x00000000     0x1604
 *(.debug_macro)
 .debug_macro   0x00000000       0x3d CFG/DIO_Cfg.o
 .debug_macro   0x0000003d      0x159 FREERTOS/portable/port.o
 .debug_macro   0x00000196       0x10 FREERTOS/portable/port.o
 .debug_macro   0x000001a6       0x9e FREERTOS/portable/port.o
 .debug_macro   0x00000244      0xc24 FREERTOS/portable/port.o
 .debug_macro   0x00000e68      0x170 FREERTOS/portable/port.o
 .debug_macro   0x00000fd8       0xbd FREERTOS/portable/port.o
 .debug_macro   0x00001095       0x34 FREERTOS/portable/port.o
 .debug_macro   0x000010c9       0x18 FREERTOS/portable/port.o
 .debug_macro   0x000010e1       0x6c FREERTOS/portable/port.o
 .debug_macro   0x0000114d       0x63 FREERTOS/portable/port.o
 .debug_macro   0x000011b0      0x1a3 FREERTOS/tasks.o
 .debug_macro   0x00001353       0x17 FREERTOS/tasks.o
 .debug_macro   0x0000136a       0x96 main.o
 .debug_macro   0x00001400       0x50 MCAL/DIO.o
 .debug_macro   0x00001450       0x3a MCAL/External_Interrupt.o
 .debug_macro   0x0000148a       0x84 MCAL/IIC.o
 .debug_macro   0x0000150e       0x7e MCAL/SPI.o
 .debug_macro   0x0000158c       0x3e MCAL/Timers.o
 .debug_macro   0x000015ca       0x3a MCAL/UART.o
OUTPUT(avr_peripherals.elf elf32-avr)
LOAD linker stubs
