Archive member included to satisfy reference by file (symbol)

c:/program files (x86)/atmel/studio/7.0/toolchain/avr8/avr8-gnu-toolchain/bin/../lib/gcc/avr/5.4.0/avr5\libgcc.a(_udivmodqi4.o)
                              HAL/SevSeg.o (__udivmodqi4)
c:/program files (x86)/atmel/studio/7.0/toolchain/avr8/avr8-gnu-toolchain/bin/../lib/gcc/avr/5.4.0/avr5\libgcc.a(_udivmodhi4.o)
                              APP/TempFilter.o (__udivmodhi4)
c:/program files (x86)/atmel/studio/7.0/toolchain/avr8/avr8-gnu-toolchain/bin/../lib/gcc/avr/5.4.0/avr5\libgcc.a(_divmodsi4.o)
                              APP/convertNumber.o (__divmodsi4)
c:/program files (x86)/atmel/studio/7.0/toolchain/avr8/avr8-gnu-toolchain/bin/../lib/gcc/avr/5.4.0/avr5\libgcc.a(_negsi2.o)
                              c:/program files (x86)/atmel/studio/7.0/toolchain/avr8/avr8-gnu-toolchain/bin/../lib/gcc/avr/5.4.0/avr5\libgcc.a(_divmodsi4.o) (__negsi2)
c:/program files (x86)/atmel/studio/7.0/toolchain/avr8/avr8-gnu-toolchain/bin/../lib/gcc/avr/5.4.0/avr5\libgcc.a(_exit.o)
                              C:/Program Files (x86)/Atmel/Studio/7.0/Packs/atmel/ATmega_DFP/1.7.374/gcc/dev/atmega32/avr5/crtatmega32.o (exit)
c:/program files (x86)/atmel/studio/7.0/toolchain/avr8/avr8-gnu-toolchain/bin/../lib/gcc/avr/5.4.0/avr5\libgcc.a(_copy_data.o)
                              APP/convertNumber.o (__do_copy_data)
c:/program files (x86)/atmel/studio/7.0/toolchain/avr8/avr8-gnu-toolchain/bin/../lib/gcc/avr/5.4.0/avr5\libgcc.a(_clear_bss.o)
                              APP/TempFilter.o (__do_clear_bss)
c:/program files (x86)/atmel/studio/7.0/toolchain/avr8/avr8-gnu-toolchain/bin/../lib/gcc/avr/5.4.0/avr5\libgcc.a(_umulhisi3.o)
                              APP/TempFilter.o (__umulhisi3)
c:/program files (x86)/atmel/studio/7.0/toolchain/avr8/avr8-gnu-toolchain/bin/../lib/gcc/avr/5.4.0/avr5\libgcc.a(_muluhisi3.o)
                              APP/convertNumber.o (__muluhisi3)
c:/program files (x86)/atmel/studio/7.0/toolchain/avr8/avr8-gnu-toolchain/bin/../lib/gcc/avr/5.4.0/avr5\libgcc.a(_udivmodsi4.o)
                              c:/program files (x86)/atmel/studio/7.0/toolchain/avr8/avr8-gnu-toolchain/bin/../lib/gcc/avr/5.4.0/avr5\libgcc.a(_divmodsi4.o) (__udivmodsi4)

Discarded input sections

 .data          0x00000000        0x0 C:/Program Files (x86)/Atmel/Studio/7.0/Packs/atmel/ATmega_DFP/1.7.374/gcc/dev/atmega32/avr5/crtatmega32.o
 .bss           0x00000000        0x0 C:/Program Files (x86)/Atmel/Studio/7.0/Packs/atmel/ATmega_DFP/1.7.374/gcc/dev/atmega32/avr5/crtatmega32.o
 .group         0x00000000        0x8 APP/Calculator.o
 .group         0x00000000        0x8 APP/Calculator.o
 .text          0x00000000        0x0 APP/Calculator.o
 .data          0x00000000        0x0 APP/Calculator.o
 .bss           0x00000000        0x0 APP/Calculator.o
 .text.str2num  0x00000000       0x32 APP/Calculator.o
 .text.Solve_Equation
                0x00000000        0x8 APP/Calculator.o
 .debug_info    0x00000000      0x11a APP/Calculator.o
 .debug_abbrev  0x00000000       0xac APP/Calculator.o
 .debug_loc     0x00000000       0x7b APP/Calculator.o
 .debug_aranges
                0x00000000       0x28 APP/Calculator.o
 .debug_ranges  0x00000000       0x18 APP/Calculator.o
 .debug_macro   0x00000000       0x1a APP/Calculator.o
 .debug_macro   0x00000000      0xa54 APP/Calculator.o
 .debug_macro   0x00000000       0x10 APP/Calculator.o
 .debug_line    0x00000000       0x98 APP/Calculator.o
 .debug_str     0x00000000     0x2bf4 APP/Calculator.o
 .comment       0x00000000       0x31 APP/Calculator.o
 .debug_frame   0x00000000       0x34 APP/Calculator.o
 .group         0x00000000        0x8 APP/convertNumber.o
 .group         0x00000000        0x8 APP/convertNumber.o
 .group         0x00000000        0x8 APP/convertNumber.o
 .group         0x00000000        0x8 APP/convertNumber.o
 .group         0x00000000        0x8 APP/convertNumber.o
 .group         0x00000000        0x8 APP/convertNumber.o
 .group         0x00000000        0x8 APP/convertNumber.o
 .text          0x00000000        0x0 APP/convertNumber.o
 .data          0x00000000        0x0 APP/convertNumber.o
 .bss           0x00000000        0x0 APP/convertNumber.o
 .rodata.str1.1
                0x00000000       0x46 APP/convertNumber.o
 .text.Get_Choise
                0x00000000       0x38 APP/convertNumber.o
 .text.Convert2Dec
                0x00000000      0x278 APP/convertNumber.o
 .text.Screen_Welcome
                0x00000000       0x3a APP/convertNumber.o
 .text.Screen_Convert_From
                0x00000000       0x16 APP/convertNumber.o
 .text.Screen_Convert_To
                0x00000000       0x16 APP/convertNumber.o
 .text.Screen_Converter
                0x00000000       0xe8 APP/convertNumber.o
 .rodata.CSWTCH.4
                0x00000000        0x3 APP/convertNumber.o
 .debug_info    0x00000000      0x85d APP/convertNumber.o
 .debug_abbrev  0x00000000      0x1dc APP/convertNumber.o
 .debug_loc     0x00000000      0x4bd APP/convertNumber.o
 .debug_aranges
                0x00000000       0x48 APP/convertNumber.o
 .debug_ranges  0x00000000       0x38 APP/convertNumber.o
 .debug_macro   0x00000000       0x97 APP/convertNumber.o
 .debug_macro   0x00000000      0xa54 APP/convertNumber.o
 .debug_macro   0x00000000       0x10 APP/convertNumber.o
 .debug_macro   0x00000000       0x16 APP/convertNumber.o
 .debug_macro   0x00000000       0x10 APP/convertNumber.o
 .debug_macro   0x00000000      0x1c9 APP/convertNumber.o
 .debug_macro   0x00000000      0x2fc APP/convertNumber.o
 .debug_macro   0x00000000      0x166 APP/convertNumber.o
 .debug_line    0x00000000      0x57c APP/convertNumber.o
 .debug_str     0x00000000     0x3f10 APP/convertNumber.o
 .comment       0x00000000       0x31 APP/convertNumber.o
 .debug_frame   0x00000000       0xe8 APP/convertNumber.o
 .group         0x00000000        0x8 APP/Stopwatch.o
 .group         0x00000000        0x8 APP/Stopwatch.o
 .group         0x00000000        0x8 APP/Stopwatch.o
 .text          0x00000000        0x0 APP/Stopwatch.o
 .data          0x00000000        0x0 APP/Stopwatch.o
 .bss           0x00000000        0x0 APP/Stopwatch.o
 .text.Presed_Button
                0x00000000       0x5e APP/Stopwatch.o
 .debug_info    0x00000000      0x1ec APP/Stopwatch.o
 .debug_abbrev  0x00000000       0xba APP/Stopwatch.o
 .debug_loc     0x00000000      0x105 APP/Stopwatch.o
 .debug_aranges
                0x00000000       0x20 APP/Stopwatch.o
 .debug_ranges  0x00000000       0x10 APP/Stopwatch.o
 .debug_macro   0x00000000       0x31 APP/Stopwatch.o
 .debug_macro   0x00000000      0xa54 APP/Stopwatch.o
 .debug_macro   0x00000000       0x10 APP/Stopwatch.o
 .debug_macro   0x00000000       0x28 APP/Stopwatch.o
 .debug_line    0x00000000       0xf1 APP/Stopwatch.o
 .debug_str     0x00000000     0x2c9a APP/Stopwatch.o
 .comment       0x00000000       0x31 APP/Stopwatch.o
 .debug_frame   0x00000000       0x44 APP/Stopwatch.o
 .group         0x00000000        0x8 APP/TempFilter.o
 .group         0x00000000        0x8 APP/TempFilter.o
 .group         0x00000000        0x8 APP/TempFilter.o
 .text          0x00000000        0x0 APP/TempFilter.o
 .data          0x00000000        0x0 APP/TempFilter.o
 .bss           0x00000000        0x0 APP/TempFilter.o
 .text.TempFilter_Init
                0x00000000        0xe APP/TempFilter.o
 .text.TempFilter_Runnuble
                0x00000000       0x70 APP/TempFilter.o
 .text.TempFilter_GetRead
                0x00000000       0x30 APP/TempFilter.o
 .text.TempFilter_GetInst
                0x00000000       0x2e APP/TempFilter.o
 .bss.flag.1631
                0x00000000        0x1 APP/TempFilter.o
 .bss.sum.1632  0x00000000        0x2 APP/TempFilter.o
 .bss.i         0x00000000        0x1 APP/TempFilter.o
 .bss.tempArr   0x00000000       0x14 APP/TempFilter.o
 .bss.temp      0x00000000        0x2 APP/TempFilter.o
 .debug_info    0x00000000      0x20f APP/TempFilter.o
 .debug_abbrev  0x00000000      0x101 APP/TempFilter.o
 .debug_loc     0x00000000       0x84 APP/TempFilter.o
 .debug_aranges
                0x00000000       0x38 APP/TempFilter.o
 .debug_ranges  0x00000000       0x28 APP/TempFilter.o
 .debug_macro   0x00000000       0x2d APP/TempFilter.o
 .debug_macro   0x00000000      0xa54 APP/TempFilter.o
 .debug_macro   0x00000000       0x10 APP/TempFilter.o
 .debug_macro   0x00000000       0x10 APP/TempFilter.o
 .debug_line    0x00000000      0x110 APP/TempFilter.o
 .debug_str     0x00000000     0x2cab APP/TempFilter.o
 .comment       0x00000000       0x31 APP/TempFilter.o
 .debug_frame   0x00000000       0x54 APP/TempFilter.o
 .group         0x00000000        0x8 CFG/ADC_Cfg.o
 .group         0x00000000        0x8 CFG/ADC_Cfg.o
 .group         0x00000000        0x8 CFG/ADC_Cfg.o
 .text          0x00000000        0x0 CFG/ADC_Cfg.o
 .data          0x00000000        0x0 CFG/ADC_Cfg.o
 .bss           0x00000000        0x0 CFG/ADC_Cfg.o
 .rodata.nonLinerSensors
                0x00000000        0x0 CFG/ADC_Cfg.o
 .rodata.LinearSensorsChannels
                0x00000000        0x1 CFG/ADC_Cfg.o
 .rodata.NonLinearSensorsChannels
                0x00000000        0x0 CFG/ADC_Cfg.o
 .debug_info    0x00000000      0x169 CFG/ADC_Cfg.o
 .debug_abbrev  0x00000000       0x81 CFG/ADC_Cfg.o
 .debug_aranges
                0x00000000       0x18 CFG/ADC_Cfg.o
 .debug_macro   0x00000000       0x23 CFG/ADC_Cfg.o
 .debug_macro   0x00000000      0xa54 CFG/ADC_Cfg.o
 .debug_macro   0x00000000       0x10 CFG/ADC_Cfg.o
 .debug_macro   0x00000000       0x10 CFG/ADC_Cfg.o
 .debug_line    0x00000000       0x69 CFG/ADC_Cfg.o
 .debug_str     0x00000000     0x2ca0 CFG/ADC_Cfg.o
 .comment       0x00000000       0x31 CFG/ADC_Cfg.o
 .group         0x00000000        0x8 CFG/DIO_Cfg.o
 .group         0x00000000        0x8 CFG/DIO_Cfg.o
 .group         0x00000000        0x8 CFG/DIO_Cfg.o
 .text          0x00000000        0x0 CFG/DIO_Cfg.o
 .data          0x00000000        0x0 CFG/DIO_Cfg.o
 .bss           0x00000000        0x0 CFG/DIO_Cfg.o
 .rodata.PinStatusArray
                0x00000000       0x20 CFG/DIO_Cfg.o
 .debug_info    0x00000000      0x18a CFG/DIO_Cfg.o
 .debug_abbrev  0x00000000       0x76 CFG/DIO_Cfg.o
 .debug_aranges
                0x00000000       0x18 CFG/DIO_Cfg.o
 .debug_macro   0x00000000       0x35 CFG/DIO_Cfg.o
 .debug_macro   0x00000000      0xa54 CFG/DIO_Cfg.o
 .debug_macro   0x00000000       0x10 CFG/DIO_Cfg.o
 .debug_macro   0x00000000      0x69e CFG/DIO_Cfg.o
 .debug_line    0x00000000       0x9a CFG/DIO_Cfg.o
 .debug_str     0x00000000     0x3cc4 CFG/DIO_Cfg.o
 .comment       0x00000000       0x31 CFG/DIO_Cfg.o
 .group         0x00000000        0x8 CFG/External_Interrupt_Cfg.o
 .text          0x00000000        0x0 CFG/External_Interrupt_Cfg.o
 .data          0x00000000        0x0 CFG/External_Interrupt_Cfg.o
 .bss           0x00000000        0x0 CFG/External_Interrupt_Cfg.o
 .debug_info    0x00000000       0x21 CFG/External_Interrupt_Cfg.o
 .debug_abbrev  0x00000000       0x13 CFG/External_Interrupt_Cfg.o
 .debug_aranges
                0x00000000       0x18 CFG/External_Interrupt_Cfg.o
 .debug_macro   0x00000000       0x11 CFG/External_Interrupt_Cfg.o
 .debug_macro   0x00000000      0xa54 CFG/External_Interrupt_Cfg.o
 .debug_line    0x00000000       0x3d CFG/External_Interrupt_Cfg.o
 .debug_str     0x00000000     0x2b43 CFG/External_Interrupt_Cfg.o
 .comment       0x00000000       0x31 CFG/External_Interrupt_Cfg.o
 .group         0x00000000        0x8 CFG/KeyPad_Cfg.o
 .group         0x00000000        0x8 CFG/KeyPad_Cfg.o
 .text          0x00000000        0x0 CFG/KeyPad_Cfg.o
 .data          0x00000000        0x0 CFG/KeyPad_Cfg.o
 .bss           0x00000000        0x0 CFG/KeyPad_Cfg.o
 .rodata.KeyPad_4x4_Char
                0x00000000       0x10 CFG/KeyPad_Cfg.o
 .rodata.KeyPad_4x4_Pins_Array
                0x00000000        0x8 CFG/KeyPad_Cfg.o
 .debug_info    0x00000000      0x26b CFG/KeyPad_Cfg.o
 .debug_abbrev  0x00000000       0xc0 CFG/KeyPad_Cfg.o
 .debug_aranges
                0x00000000       0x18 CFG/KeyPad_Cfg.o
 .debug_macro   0x00000000       0x3a CFG/KeyPad_Cfg.o
 .debug_macro   0x00000000      0xa54 CFG/KeyPad_Cfg.o
 .debug_macro   0x00000000       0x10 CFG/KeyPad_Cfg.o
 .debug_line    0x00000000       0xfa CFG/KeyPad_Cfg.o
 .debug_str     0x00000000     0x2c6d CFG/KeyPad_Cfg.o
 .comment       0x00000000       0x31 CFG/KeyPad_Cfg.o
 .group         0x00000000        0x8 CFG/LCD_Cfg.o
 .group         0x00000000        0x8 CFG/LCD_Cfg.o
 .group         0x00000000        0x8 CFG/LCD_Cfg.o
 .text          0x00000000        0x0 CFG/LCD_Cfg.o
 .data          0x00000000        0x0 CFG/LCD_Cfg.o
 .bss           0x00000000        0x0 CFG/LCD_Cfg.o
 .rodata.LCD_Pins_Array
                0x00000000        0x6 CFG/LCD_Cfg.o
 .debug_info    0x00000000      0x210 CFG/LCD_Cfg.o
 .debug_abbrev  0x00000000       0xc2 CFG/LCD_Cfg.o
 .debug_aranges
                0x00000000       0x18 CFG/LCD_Cfg.o
 .debug_macro   0x00000000       0x3f CFG/LCD_Cfg.o
 .debug_macro   0x00000000      0xa54 CFG/LCD_Cfg.o
 .debug_macro   0x00000000       0x10 CFG/LCD_Cfg.o
 .debug_macro   0x00000000       0x16 CFG/LCD_Cfg.o
 .debug_line    0x00000000       0xf4 CFG/LCD_Cfg.o
 .debug_str     0x00000000     0x2c61 CFG/LCD_Cfg.o
 .comment       0x00000000       0x31 CFG/LCD_Cfg.o
 .group         0x00000000        0x8 CFG/Motors_Cfg.o
 .group         0x00000000        0x8 CFG/Motors_Cfg.o
 .text          0x00000000        0x0 CFG/Motors_Cfg.o
 .data          0x00000000        0x0 CFG/Motors_Cfg.o
 .bss           0x00000000        0x0 CFG/Motors_Cfg.o
 .rodata.motors_Pins_Array
                0x00000000        0xc CFG/Motors_Cfg.o
 .debug_info    0x00000000      0x1d0 CFG/Motors_Cfg.o
 .debug_abbrev  0x00000000       0xa1 CFG/Motors_Cfg.o
 .debug_aranges
                0x00000000       0x18 CFG/Motors_Cfg.o
 .debug_macro   0x00000000       0x36 CFG/Motors_Cfg.o
 .debug_macro   0x00000000      0xa54 CFG/Motors_Cfg.o
 .debug_macro   0x00000000       0x10 CFG/Motors_Cfg.o
 .debug_line    0x00000000       0xd1 CFG/Motors_Cfg.o
 .debug_str     0x00000000     0x2c44 CFG/Motors_Cfg.o
 .comment       0x00000000       0x31 CFG/Motors_Cfg.o
 .group         0x00000000        0x8 CFG/SevSeg_Cfg.o
 .group         0x00000000        0x8 CFG/SevSeg_Cfg.o
 .group         0x00000000        0x8 CFG/SevSeg_Cfg.o
 .text          0x00000000        0x0 CFG/SevSeg_Cfg.o
 .data          0x00000000        0x0 CFG/SevSeg_Cfg.o
 .bss           0x00000000        0x0 CFG/SevSeg_Cfg.o
 .rodata.SEVSEG_2_Arr_Pins
                0x00000000        0xa CFG/SevSeg_Cfg.o
 .rodata.SEVSEG_Tens_BCD_Arr_Pins
                0x00000000        0x0 CFG/SevSeg_Cfg.o
 .rodata.SEVSEG_Tens_Arr_Pins
                0x00000000        0x0 CFG/SevSeg_Cfg.o
 .rodata.SEVSEG_Ones_BCD_Arr_Pins
                0x00000000        0x0 CFG/SevSeg_Cfg.o
 .rodata.SEVSEG_Ones_Arr_Pins
                0x00000000        0x0 CFG/SevSeg_Cfg.o
 .debug_info    0x00000000      0x5da CFG/SevSeg_Cfg.o
 .debug_abbrev  0x00000000       0xc9 CFG/SevSeg_Cfg.o
 .debug_aranges
                0x00000000       0x18 CFG/SevSeg_Cfg.o
 .debug_macro   0x00000000       0x31 CFG/SevSeg_Cfg.o
 .debug_macro   0x00000000      0xa54 CFG/SevSeg_Cfg.o
 .debug_macro   0x00000000       0x10 CFG/SevSeg_Cfg.o
 .debug_macro   0x00000000       0x10 CFG/SevSeg_Cfg.o
 .debug_line    0x00000000       0xb1 CFG/SevSeg_Cfg.o
 .debug_str     0x00000000     0x2d6e CFG/SevSeg_Cfg.o
 .comment       0x00000000       0x31 CFG/SevSeg_Cfg.o
 .group         0x00000000        0x8 HAL/KeyPad.o
 .group         0x00000000        0x8 HAL/KeyPad.o
 .group         0x00000000        0x8 HAL/KeyPad.o
 .group         0x00000000        0x8 HAL/KeyPad.o
 .group         0x00000000        0x8 HAL/KeyPad.o
 .group         0x00000000        0x8 HAL/KeyPad.o
 .group         0x00000000        0x8 HAL/KeyPad.o
 .text          0x00000000        0x0 HAL/KeyPad.o
 .data          0x00000000        0x0 HAL/KeyPad.o
 .bss           0x00000000        0x0 HAL/KeyPad.o
 .text.KeyPad_4x4_Init
                0x00000000       0x3c HAL/KeyPad.o
 .text.KeyPad_4x4_ReadKey
                0x00000000       0xca HAL/KeyPad.o
 .debug_info    0x00000000      0x3c0 HAL/KeyPad.o
 .debug_abbrev  0x00000000      0x175 HAL/KeyPad.o
 .debug_loc     0x00000000      0x1f1 HAL/KeyPad.o
 .debug_aranges
                0x00000000       0x28 HAL/KeyPad.o
 .debug_ranges  0x00000000       0x18 HAL/KeyPad.o
 .debug_macro   0x00000000       0x83 HAL/KeyPad.o
 .debug_macro   0x00000000      0xa54 HAL/KeyPad.o
 .debug_macro   0x00000000       0x34 HAL/KeyPad.o
 .debug_macro   0x00000000       0x10 HAL/KeyPad.o
 .debug_macro   0x00000000       0x10 HAL/KeyPad.o
 .debug_macro   0x00000000      0x1c9 HAL/KeyPad.o
 .debug_macro   0x00000000      0x2fc HAL/KeyPad.o
 .debug_macro   0x00000000      0x166 HAL/KeyPad.o
 .debug_line    0x00000000      0x2fb HAL/KeyPad.o
 .debug_str     0x00000000     0x3f0d HAL/KeyPad.o
 .comment       0x00000000       0x31 HAL/KeyPad.o
 .debug_frame   0x00000000       0x7c HAL/KeyPad.o
 .group         0x00000000        0x8 HAL/LCD.o
 .group         0x00000000        0x8 HAL/LCD.o
 .group         0x00000000        0x8 HAL/LCD.o
 .group         0x00000000        0x8 HAL/LCD.o
 .group         0x00000000        0x8 HAL/LCD.o
 .group         0x00000000        0x8 HAL/LCD.o
 .group         0x00000000        0x8 HAL/LCD.o
 .group         0x00000000        0x8 HAL/LCD.o
 .text          0x00000000        0x0 HAL/LCD.o
 .data          0x00000000        0x0 HAL/LCD.o
 .bss           0x00000000        0x0 HAL/LCD.o
 .text.LCD_ShiftContent
                0x00000000       0x32 HAL/LCD.o
 .text.Digit2char
                0x00000000       0x3a HAL/LCD.o
 .text.SendIns  0x00000000      0x108 HAL/LCD.o
 .text.SendData
                0x00000000      0x108 HAL/LCD.o
 .text.LCD_Init
                0x00000000       0x72 HAL/LCD.o
 .text.LCD_ClearScreen
                0x00000000       0x5c HAL/LCD.o
 .text.LCD_SetCursor
                0x00000000       0x32 HAL/LCD.o
 .text.LCD_SendChar
                0x00000000      0x130 HAL/LCD.o
 .text.LCD_SendString
                0x00000000       0x36 HAL/LCD.o
 .text.LCD_SendNumber
                0x00000000       0xf0 HAL/LCD.o
 .text.LCD_SendBinary
                0x00000000       0x80 HAL/LCD.o
 .text.LCD_SendHex
                0x00000000       0xac HAL/LCD.o
 .text.LCD_SendFloat
                0x00000000       0xe4 HAL/LCD.o
 .text.LCD_DeleteNow
                0x00000000       0x7a HAL/LCD.o
 .text.LCD_Delete
                0x00000000       0x30 HAL/LCD.o
 .text.LCD_GenerateChar
                0x00000000       0x4c HAL/LCD.o
 .text.LCD_ReadCursor
                0x00000000        0xc HAL/LCD.o
 .text.LCD_ReadContent
                0x00000000       0x16 HAL/LCD.o
 .bss.LcdContent
                0x00000000       0x20 HAL/LCD.o
 .bss.contentCursor
                0x00000000        0x1 HAL/LCD.o
 .bss.LcdCursor
                0x00000000        0x1 HAL/LCD.o
 .debug_info    0x00000000     0x1147 HAL/LCD.o
 .debug_abbrev  0x00000000      0x385 HAL/LCD.o
 .debug_loc     0x00000000     0x1664 HAL/LCD.o
 .debug_aranges
                0x00000000       0xa8 HAL/LCD.o
 .debug_ranges  0x00000000       0xc8 HAL/LCD.o
 .debug_macro   0x00000000       0x7e HAL/LCD.o
 .debug_macro   0x00000000      0xa54 HAL/LCD.o
 .debug_macro   0x00000000       0x10 HAL/LCD.o
 .debug_macro   0x00000000       0x34 HAL/LCD.o
 .debug_macro   0x00000000       0x1c HAL/LCD.o
 .debug_macro   0x00000000       0x10 HAL/LCD.o
 .debug_macro   0x00000000      0x1c9 HAL/LCD.o
 .debug_macro   0x00000000      0x2fc HAL/LCD.o
 .debug_macro   0x00000000      0x166 HAL/LCD.o
 .debug_line    0x00000000      0x8ff HAL/LCD.o
 .debug_str     0x00000000     0x40b7 HAL/LCD.o
 .comment       0x00000000       0x31 HAL/LCD.o
 .debug_frame   0x00000000      0x33c HAL/LCD.o
 .group         0x00000000        0x8 HAL/Motors.o
 .group         0x00000000        0x8 HAL/Motors.o
 .group         0x00000000        0x8 HAL/Motors.o
 .text          0x00000000        0x0 HAL/Motors.o
 .data          0x00000000        0x0 HAL/Motors.o
 .bss           0x00000000        0x0 HAL/Motors.o
 .text.Motor_Init
                0x00000000       0x30 HAL/Motors.o
 .text.Motor_Start
                0x00000000       0x56 HAL/Motors.o
 .text.Motor_Direction
                0x00000000       0x56 HAL/Motors.o
 .text.Motor_Speed
                0x00000000        0x2 HAL/Motors.o
 .text.Motor_Stop
                0x00000000       0x1a HAL/Motors.o
 .debug_info    0x00000000      0x440 HAL/Motors.o
 .debug_abbrev  0x00000000      0x188 HAL/Motors.o
 .debug_loc     0x00000000      0x1bf HAL/Motors.o
 .debug_aranges
                0x00000000       0x40 HAL/Motors.o
 .debug_ranges  0x00000000       0x30 HAL/Motors.o
 .debug_macro   0x00000000       0x3f HAL/Motors.o
 .debug_macro   0x00000000      0xa54 HAL/Motors.o
 .debug_macro   0x00000000       0x10 HAL/Motors.o
 .debug_macro   0x00000000       0x34 HAL/Motors.o
 .debug_line    0x00000000      0x1c2 HAL/Motors.o
 .debug_str     0x00000000     0x2e51 HAL/Motors.o
 .comment       0x00000000       0x31 HAL/Motors.o
 .debug_frame   0x00000000       0x8c HAL/Motors.o
 .group         0x00000000        0x8 HAL/SevSeg.o
 .group         0x00000000        0x8 HAL/SevSeg.o
 .group         0x00000000        0x8 HAL/SevSeg.o
 .group         0x00000000        0x8 HAL/SevSeg.o
 .group         0x00000000        0x8 HAL/SevSeg.o
 .group         0x00000000        0x8 HAL/SevSeg.o
 .group         0x00000000        0x8 HAL/SevSeg.o
 .group         0x00000000        0x8 HAL/SevSeg.o
 .group         0x00000000        0x8 HAL/SevSeg.o
 .text          0x00000000        0x0 HAL/SevSeg.o
 .data          0x00000000        0x0 HAL/SevSeg.o
 .bss           0x00000000        0x0 HAL/SevSeg.o
 .text.SEVSEG_Ones_Init
                0x00000000        0x2 HAL/SevSeg.o
 .text.SEVSEG_Ones_BCD_Init
                0x00000000        0x2 HAL/SevSeg.o
 .text.SEVSEG_Tens_Init
                0x00000000        0x2 HAL/SevSeg.o
 .text.SEVSEG_Tens_BCD_Init
                0x00000000        0x2 HAL/SevSeg.o
 .text.SEVSEG_2_Init
                0x00000000       0x1e HAL/SevSeg.o
 .text.SEVSEG_Display_Ones
                0x00000000       0x5e HAL/SevSeg.o
 .text.SEVSEG_Display_Ones_BCD
                0x00000000       0x52 HAL/SevSeg.o
 .text.SEVSEG_Display_Tens
                0x00000000       0xa6 HAL/SevSeg.o
 .text.SEVSEG_Display_Tens_BCD
                0x00000000       0xac HAL/SevSeg.o
 .text.SEVSEG_Display_2_Digit
                0x00000000      0x118 HAL/SevSeg.o
 .rodata.segmentArr
                0x00000000       0x11 HAL/SevSeg.o
 .debug_info    0x00000000      0xa58 HAL/SevSeg.o
 .debug_abbrev  0x00000000      0x201 HAL/SevSeg.o
 .debug_loc     0x00000000      0x66e HAL/SevSeg.o
 .debug_aranges
                0x00000000       0x50 HAL/SevSeg.o
 .debug_ranges  0x00000000       0x40 HAL/SevSeg.o
 .debug_macro   0x00000000       0x8b HAL/SevSeg.o
 .debug_macro   0x00000000      0xa54 HAL/SevSeg.o
 .debug_macro   0x00000000       0x10 HAL/SevSeg.o
 .debug_macro   0x00000000      0x69e HAL/SevSeg.o
 .debug_macro   0x00000000       0x34 HAL/SevSeg.o
 .debug_macro   0x00000000       0x10 HAL/SevSeg.o
 .debug_macro   0x00000000       0x10 HAL/SevSeg.o
 .debug_macro   0x00000000      0x1c9 HAL/SevSeg.o
 .debug_macro   0x00000000      0x2fc HAL/SevSeg.o
 .debug_macro   0x00000000      0x166 HAL/SevSeg.o
 .debug_line    0x00000000      0x3f4 HAL/SevSeg.o
 .debug_str     0x00000000     0x5186 HAL/SevSeg.o
 .comment       0x00000000       0x31 HAL/SevSeg.o
 .debug_frame   0x00000000      0x18c HAL/SevSeg.o
 .group         0x00000000        0x8 main.o
 .group         0x00000000        0x8 main.o
 .group         0x00000000        0x8 main.o
 .group         0x00000000        0x8 main.o
 .group         0x00000000        0x8 main.o
 .group         0x00000000        0x8 main.o
 .group         0x00000000        0x8 main.o
 .group         0x00000000        0x8 main.o
 .text          0x00000000        0x0 main.o
 .data          0x00000000        0x0 main.o
 .bss           0x00000000        0x0 main.o
 .debug_macro   0x00000000      0xa54 main.o
 .debug_macro   0x00000000       0x10 main.o
 .debug_macro   0x00000000       0x34 main.o
 .debug_macro   0x00000000      0x69e main.o
 .debug_macro   0x00000000       0x10 main.o
 .debug_macro   0x00000000      0x1c9 main.o
 .debug_macro   0x00000000      0x2fc main.o
 .debug_macro   0x00000000      0x166 main.o
 .group         0x00000000        0x8 MCAL/ADC.o
 .group         0x00000000        0x8 MCAL/ADC.o
 .group         0x00000000        0x8 MCAL/ADC.o
 .group         0x00000000        0x8 MCAL/ADC.o
 .group         0x00000000        0x8 MCAL/ADC.o
 .text          0x00000000        0x0 MCAL/ADC.o
 .data          0x00000000        0x0 MCAL/ADC.o
 .bss           0x00000000        0x0 MCAL/ADC.o
 .text.ADC_Init
                0x00000000       0x26 MCAL/ADC.o
 .text.ADC_ReadLiner
                0x00000000       0x2a MCAL/ADC.o
 .text.ADC_ReadNonLiner
                0x00000000      0x10e MCAL/ADC.o
 .debug_info    0x00000000      0x2d8 MCAL/ADC.o
 .debug_abbrev  0x00000000      0x12f MCAL/ADC.o
 .debug_loc     0x00000000      0x1dc MCAL/ADC.o
 .debug_aranges
                0x00000000       0x30 MCAL/ADC.o
 .debug_ranges  0x00000000       0x20 MCAL/ADC.o
 .debug_macro   0x00000000       0x39 MCAL/ADC.o
 .debug_macro   0x00000000      0xa54 MCAL/ADC.o
 .debug_macro   0x00000000       0x10 MCAL/ADC.o
 .debug_macro   0x00000000      0x69e MCAL/ADC.o
 .debug_macro   0x00000000       0x34 MCAL/ADC.o
 .debug_macro   0x00000000       0x10 MCAL/ADC.o
 .debug_line    0x00000000      0x13b MCAL/ADC.o
 .debug_str     0x00000000     0x3f96 MCAL/ADC.o
 .comment       0x00000000       0x31 MCAL/ADC.o
 .debug_frame   0x00000000       0x78 MCAL/ADC.o
 .group         0x00000000        0x8 MCAL/DIO.o
 .group         0x00000000        0x8 MCAL/DIO.o
 .group         0x00000000        0x8 MCAL/DIO.o
 .group         0x00000000        0x8 MCAL/DIO.o
 .text          0x00000000        0x0 MCAL/DIO.o
 .data          0x00000000        0x0 MCAL/DIO.o
 .bss           0x00000000        0x0 MCAL/DIO.o
 .text.DIO_InitPin
                0x00000000      0x1bc MCAL/DIO.o
 .text.DIO_Init
                0x00000000       0x26 MCAL/DIO.o
 .text.DIO_WritePin
                0x00000000      0x10e MCAL/DIO.o
 .text.DIO_WritePort
                0x00000000       0x58 MCAL/DIO.o
 .text.DIO_TogglePin
                0x00000000       0x6a MCAL/DIO.o
 .text.DIO_ReadPin
                0x00000000       0x3a MCAL/DIO.o
 .debug_info    0x00000000      0x3a8 MCAL/DIO.o
 .debug_abbrev  0x00000000      0x159 MCAL/DIO.o
 .debug_loc     0x00000000      0x71e MCAL/DIO.o
 .debug_aranges
                0x00000000       0x48 MCAL/DIO.o
 .debug_ranges  0x00000000       0x38 MCAL/DIO.o
 .debug_macro   0x00000000       0x44 MCAL/DIO.o
 .debug_macro   0x00000000      0xa54 MCAL/DIO.o
 .debug_macro   0x00000000       0x10 MCAL/DIO.o
 .debug_macro   0x00000000       0x34 MCAL/DIO.o
 .debug_macro   0x00000000      0x69e MCAL/DIO.o
 .debug_line    0x00000000      0x31d MCAL/DIO.o
 .debug_str     0x00000000     0x3ea7 MCAL/DIO.o
 .comment       0x00000000       0x31 MCAL/DIO.o
 .debug_frame   0x00000000       0x84 MCAL/DIO.o
 .group         0x00000000        0x8 MCAL/External_Interrupt.o
 .group         0x00000000        0x8 MCAL/External_Interrupt.o
 .group         0x00000000        0x8 MCAL/External_Interrupt.o
 .group         0x00000000        0x8 MCAL/External_Interrupt.o
 .text          0x00000000        0x0 MCAL/External_Interrupt.o
 .data          0x00000000        0x0 MCAL/External_Interrupt.o
 .bss           0x00000000        0x0 MCAL/External_Interrupt.o
 .text.EXT_INT_Init
                0x00000000       0x6c MCAL/External_Interrupt.o
 .text.EXT_INT_Disable
                0x00000000       0x1e MCAL/External_Interrupt.o
 .text.EXT_INT_Set_Function
                0x00000000       0x12 MCAL/External_Interrupt.o
 .text.EXT_INT_Clear_Function
                0x00000000       0x12 MCAL/External_Interrupt.o
 .debug_macro   0x00000000      0xa54 MCAL/External_Interrupt.o
 .debug_macro   0x00000000       0x10 MCAL/External_Interrupt.o
 .debug_macro   0x00000000       0x34 MCAL/External_Interrupt.o
 .debug_macro   0x00000000      0x69e MCAL/External_Interrupt.o
 .group         0x00000000        0x8 MCAL/Timers.o
 .group         0x00000000        0x8 MCAL/Timers.o
 .group         0x00000000        0x8 MCAL/Timers.o
 .group         0x00000000        0x8 MCAL/Timers.o
 .text          0x00000000        0x0 MCAL/Timers.o
 .data          0x00000000        0x0 MCAL/Timers.o
 .bss           0x00000000        0x0 MCAL/Timers.o
 .text.TIMER0_Init
                0x00000000       0x40 MCAL/Timers.o
 .text.TIMER0_OC0Mode
                0x00000000       0x36 MCAL/Timers.o
 .text.TIMER0_OV_InterruptEnable
                0x00000000        0x8 MCAL/Timers.o
 .text.TIMER0_OV_InterruptDisable
                0x00000000        0x8 MCAL/Timers.o
 .text.TIMER0_OC_InterruptEnable
                0x00000000        0x8 MCAL/Timers.o
 .text.TIMER0_OC_InterruptDisable
                0x00000000        0x8 MCAL/Timers.o
 .text.Timer1_Init
                0x00000000       0x78 MCAL/Timers.o
 .text.Timer1_OCRA1Mode
                0x00000000       0x36 MCAL/Timers.o
 .text.Timer1_OCRB1Mode
                0x00000000       0x36 MCAL/Timers.o
 .text.Timer1_InputCaptureEdge
                0x00000000       0x16 MCAL/Timers.o
 .text.Timer1_ICU_InterruptEnable
                0x00000000        0x8 MCAL/Timers.o
 .text.Timer1_ICU_InterruptDisable
                0x00000000        0x8 MCAL/Timers.o
 .text.Timer1_OVF_InterruptEnable
                0x00000000        0x8 MCAL/Timers.o
 .text.Timer1_OVF_InterruptDisable
                0x00000000        0x8 MCAL/Timers.o
 .text.Timer1_OCA_InterruptEnable
                0x00000000        0x8 MCAL/Timers.o
 .text.Timer1_OCA_InterruptDisable
                0x00000000        0x8 MCAL/Timers.o
 .text.Timer1_OCB_InterruptDisable
                0x00000000        0x8 MCAL/Timers.o
 .text.Timer1_OCB_InterruptEnable
                0x00000000        0x4 MCAL/Timers.o
 .text.Timer1_OVF_SetCallBack
                0x00000000        0xa MCAL/Timers.o
 .text.Timer1_OCA_SetCallBack
                0x00000000        0xa MCAL/Timers.o
 .text.Timer1_OCB_SetCallBack
                0x00000000        0xa MCAL/Timers.o
 .text.Timer1_ICU_SetCallBack
                0x00000000        0xa MCAL/Timers.o
 .text.TIMER1_OVF_vect
                0x00000000       0x52 MCAL/Timers.o
 .text.TIMER1_OCA_vect
                0x00000000       0x52 MCAL/Timers.o
 .text.TIMER1_OCB_vect
                0x00000000       0x52 MCAL/Timers.o
 .text.TIMER1_ICU_vect
                0x00000000       0x52 MCAL/Timers.o
 .bss.Timer1_ICU_Fptr
                0x00000000        0x2 MCAL/Timers.o
 .bss.Timer1_OCB_Fptr
                0x00000000        0x2 MCAL/Timers.o
 .bss.Timer1_OCA_Fptr
                0x00000000        0x2 MCAL/Timers.o
 .bss.Timer1_OVF_Fptr
                0x00000000        0x2 MCAL/Timers.o
 .debug_info    0x00000000      0x574 MCAL/Timers.o
 .debug_abbrev  0x00000000       0xd0 MCAL/Timers.o
 .debug_loc     0x00000000      0x5dd MCAL/Timers.o
 .debug_aranges
                0x00000000       0xe0 MCAL/Timers.o
 .debug_ranges  0x00000000       0xd0 MCAL/Timers.o
 .debug_macro   0x00000000       0x3a MCAL/Timers.o
 .debug_macro   0x00000000      0xa54 MCAL/Timers.o
 .debug_macro   0x00000000       0x10 MCAL/Timers.o
 .debug_macro   0x00000000       0x34 MCAL/Timers.o
 .debug_macro   0x00000000      0x69e MCAL/Timers.o
 .debug_line    0x00000000      0x3fa MCAL/Timers.o
 .debug_str     0x00000000     0x437d MCAL/Timers.o
 .comment       0x00000000       0x31 MCAL/Timers.o
 .debug_frame   0x00000000      0x2d4 MCAL/Timers.o
 .text          0x00000000        0x0 c:/program files (x86)/atmel/studio/7.0/toolchain/avr8/avr8-gnu-toolchain/bin/../lib/gcc/avr/5.4.0/avr5\libgcc.a(_udivmodqi4.o)
 .data          0x00000000        0x0 c:/program files (x86)/atmel/studio/7.0/toolchain/avr8/avr8-gnu-toolchain/bin/../lib/gcc/avr/5.4.0/avr5\libgcc.a(_udivmodqi4.o)
 .bss           0x00000000        0x0 c:/program files (x86)/atmel/studio/7.0/toolchain/avr8/avr8-gnu-toolchain/bin/../lib/gcc/avr/5.4.0/avr5\libgcc.a(_udivmodqi4.o)
 .text.libgcc.mul
                0x00000000        0x0 c:/program files (x86)/atmel/studio/7.0/toolchain/avr8/avr8-gnu-toolchain/bin/../lib/gcc/avr/5.4.0/avr5\libgcc.a(_udivmodqi4.o)
 .text.libgcc.div
                0x00000000       0x18 c:/program files (x86)/atmel/studio/7.0/toolchain/avr8/avr8-gnu-toolchain/bin/../lib/gcc/avr/5.4.0/avr5\libgcc.a(_udivmodqi4.o)
 .text.libgcc   0x00000000        0x0 c:/program files (x86)/atmel/studio/7.0/toolchain/avr8/avr8-gnu-toolchain/bin/../lib/gcc/avr/5.4.0/avr5\libgcc.a(_udivmodqi4.o)
 .text.libgcc.prologue
                0x00000000        0x0 c:/program files (x86)/atmel/studio/7.0/toolchain/avr8/avr8-gnu-toolchain/bin/../lib/gcc/avr/5.4.0/avr5\libgcc.a(_udivmodqi4.o)
 .text.libgcc.builtins
                0x00000000        0x0 c:/program files (x86)/atmel/studio/7.0/toolchain/avr8/avr8-gnu-toolchain/bin/../lib/gcc/avr/5.4.0/avr5\libgcc.a(_udivmodqi4.o)
 .text.libgcc.fmul
                0x00000000        0x0 c:/program files (x86)/atmel/studio/7.0/toolchain/avr8/avr8-gnu-toolchain/bin/../lib/gcc/avr/5.4.0/avr5\libgcc.a(_udivmodqi4.o)
 .text.libgcc.fixed
                0x00000000        0x0 c:/program files (x86)/atmel/studio/7.0/toolchain/avr8/avr8-gnu-toolchain/bin/../lib/gcc/avr/5.4.0/avr5\libgcc.a(_udivmodqi4.o)
 .text          0x00000000        0x0 c:/program files (x86)/atmel/studio/7.0/toolchain/avr8/avr8-gnu-toolchain/bin/../lib/gcc/avr/5.4.0/avr5\libgcc.a(_udivmodhi4.o)
 .data          0x00000000        0x0 c:/program files (x86)/atmel/studio/7.0/toolchain/avr8/avr8-gnu-toolchain/bin/../lib/gcc/avr/5.4.0/avr5\libgcc.a(_udivmodhi4.o)
 .bss           0x00000000        0x0 c:/program files (x86)/atmel/studio/7.0/toolchain/avr8/avr8-gnu-toolchain/bin/../lib/gcc/avr/5.4.0/avr5\libgcc.a(_udivmodhi4.o)
 .text.libgcc.mul
                0x00000000        0x0 c:/program files (x86)/atmel/studio/7.0/toolchain/avr8/avr8-gnu-toolchain/bin/../lib/gcc/avr/5.4.0/avr5\libgcc.a(_udivmodhi4.o)
 .text.libgcc.div
                0x00000000       0x28 c:/program files (x86)/atmel/studio/7.0/toolchain/avr8/avr8-gnu-toolchain/bin/../lib/gcc/avr/5.4.0/avr5\libgcc.a(_udivmodhi4.o)
 .text.libgcc   0x00000000        0x0 c:/program files (x86)/atmel/studio/7.0/toolchain/avr8/avr8-gnu-toolchain/bin/../lib/gcc/avr/5.4.0/avr5\libgcc.a(_udivmodhi4.o)
 .text.libgcc.prologue
                0x00000000        0x0 c:/program files (x86)/atmel/studio/7.0/toolchain/avr8/avr8-gnu-toolchain/bin/../lib/gcc/avr/5.4.0/avr5\libgcc.a(_udivmodhi4.o)
 .text.libgcc.builtins
                0x00000000        0x0 c:/program files (x86)/atmel/studio/7.0/toolchain/avr8/avr8-gnu-toolchain/bin/../lib/gcc/avr/5.4.0/avr5\libgcc.a(_udivmodhi4.o)
 .text.libgcc.fmul
                0x00000000        0x0 c:/program files (x86)/atmel/studio/7.0/toolchain/avr8/avr8-gnu-toolchain/bin/../lib/gcc/avr/5.4.0/avr5\libgcc.a(_udivmodhi4.o)
 .text.libgcc.fixed
                0x00000000        0x0 c:/program files (x86)/atmel/studio/7.0/toolchain/avr8/avr8-gnu-toolchain/bin/../lib/gcc/avr/5.4.0/avr5\libgcc.a(_udivmodhi4.o)
 .text          0x00000000        0x0 c:/program files (x86)/atmel/studio/7.0/toolchain/avr8/avr8-gnu-toolchain/bin/../lib/gcc/avr/5.4.0/avr5\libgcc.a(_divmodsi4.o)
 .data          0x00000000        0x0 c:/program files (x86)/atmel/studio/7.0/toolchain/avr8/avr8-gnu-toolchain/bin/../lib/gcc/avr/5.4.0/avr5\libgcc.a(_divmodsi4.o)
 .bss           0x00000000        0x0 c:/program files (x86)/atmel/studio/7.0/toolchain/avr8/avr8-gnu-toolchain/bin/../lib/gcc/avr/5.4.0/avr5\libgcc.a(_divmodsi4.o)
 .text.libgcc.mul
                0x00000000        0x0 c:/program files (x86)/atmel/studio/7.0/toolchain/avr8/avr8-gnu-toolchain/bin/../lib/gcc/avr/5.4.0/avr5\libgcc.a(_divmodsi4.o)
 .text.libgcc.div
                0x00000000       0x2e c:/program files (x86)/atmel/studio/7.0/toolchain/avr8/avr8-gnu-toolchain/bin/../lib/gcc/avr/5.4.0/avr5\libgcc.a(_divmodsi4.o)
 .text.libgcc   0x00000000        0x0 c:/program files (x86)/atmel/studio/7.0/toolchain/avr8/avr8-gnu-toolchain/bin/../lib/gcc/avr/5.4.0/avr5\libgcc.a(_divmodsi4.o)
 .text.libgcc.prologue
                0x00000000        0x0 c:/program files (x86)/atmel/studio/7.0/toolchain/avr8/avr8-gnu-toolchain/bin/../lib/gcc/avr/5.4.0/avr5\libgcc.a(_divmodsi4.o)
 .text.libgcc.builtins
                0x00000000        0x0 c:/program files (x86)/atmel/studio/7.0/toolchain/avr8/avr8-gnu-toolchain/bin/../lib/gcc/avr/5.4.0/avr5\libgcc.a(_divmodsi4.o)
 .text.libgcc.fmul
                0x00000000        0x0 c:/program files (x86)/atmel/studio/7.0/toolchain/avr8/avr8-gnu-toolchain/bin/../lib/gcc/avr/5.4.0/avr5\libgcc.a(_divmodsi4.o)
 .text.libgcc.fixed
                0x00000000        0x0 c:/program files (x86)/atmel/studio/7.0/toolchain/avr8/avr8-gnu-toolchain/bin/../lib/gcc/avr/5.4.0/avr5\libgcc.a(_divmodsi4.o)
 .text          0x00000000        0x0 c:/program files (x86)/atmel/studio/7.0/toolchain/avr8/avr8-gnu-toolchain/bin/../lib/gcc/avr/5.4.0/avr5\libgcc.a(_negsi2.o)
 .data          0x00000000        0x0 c:/program files (x86)/atmel/studio/7.0/toolchain/avr8/avr8-gnu-toolchain/bin/../lib/gcc/avr/5.4.0/avr5\libgcc.a(_negsi2.o)
 .bss           0x00000000        0x0 c:/program files (x86)/atmel/studio/7.0/toolchain/avr8/avr8-gnu-toolchain/bin/../lib/gcc/avr/5.4.0/avr5\libgcc.a(_negsi2.o)
 .text.libgcc.mul
                0x00000000        0x0 c:/program files (x86)/atmel/studio/7.0/toolchain/avr8/avr8-gnu-toolchain/bin/../lib/gcc/avr/5.4.0/avr5\libgcc.a(_negsi2.o)
 .text.libgcc.div
                0x00000000       0x10 c:/program files (x86)/atmel/studio/7.0/toolchain/avr8/avr8-gnu-toolchain/bin/../lib/gcc/avr/5.4.0/avr5\libgcc.a(_negsi2.o)
 .text.libgcc   0x00000000        0x0 c:/program files (x86)/atmel/studio/7.0/toolchain/avr8/avr8-gnu-toolchain/bin/../lib/gcc/avr/5.4.0/avr5\libgcc.a(_negsi2.o)
 .text.libgcc.prologue
                0x00000000        0x0 c:/program files (x86)/atmel/studio/7.0/toolchain/avr8/avr8-gnu-toolchain/bin/../lib/gcc/avr/5.4.0/avr5\libgcc.a(_negsi2.o)
 .text.libgcc.builtins
                0x00000000        0x0 c:/program files (x86)/atmel/studio/7.0/toolchain/avr8/avr8-gnu-toolchain/bin/../lib/gcc/avr/5.4.0/avr5\libgcc.a(_negsi2.o)
 .text.libgcc.fmul
                0x00000000        0x0 c:/program files (x86)/atmel/studio/7.0/toolchain/avr8/avr8-gnu-toolchain/bin/../lib/gcc/avr/5.4.0/avr5\libgcc.a(_negsi2.o)
 .text.libgcc.fixed
                0x00000000        0x0 c:/program files (x86)/atmel/studio/7.0/toolchain/avr8/avr8-gnu-toolchain/bin/../lib/gcc/avr/5.4.0/avr5\libgcc.a(_negsi2.o)
 .text          0x00000000        0x0 c:/program files (x86)/atmel/studio/7.0/toolchain/avr8/avr8-gnu-toolchain/bin/../lib/gcc/avr/5.4.0/avr5\libgcc.a(_exit.o)
 .data          0x00000000        0x0 c:/program files (x86)/atmel/studio/7.0/toolchain/avr8/avr8-gnu-toolchain/bin/../lib/gcc/avr/5.4.0/avr5\libgcc.a(_exit.o)
 .bss           0x00000000        0x0 c:/program files (x86)/atmel/studio/7.0/toolchain/avr8/avr8-gnu-toolchain/bin/../lib/gcc/avr/5.4.0/avr5\libgcc.a(_exit.o)
 .text.libgcc.mul
                0x00000000        0x0 c:/program files (x86)/atmel/studio/7.0/toolchain/avr8/avr8-gnu-toolchain/bin/../lib/gcc/avr/5.4.0/avr5\libgcc.a(_exit.o)
 .text.libgcc.div
                0x00000000        0x0 c:/program files (x86)/atmel/studio/7.0/toolchain/avr8/avr8-gnu-toolchain/bin/../lib/gcc/avr/5.4.0/avr5\libgcc.a(_exit.o)
 .text.libgcc   0x00000000        0x0 c:/program files (x86)/atmel/studio/7.0/toolchain/avr8/avr8-gnu-toolchain/bin/../lib/gcc/avr/5.4.0/avr5\libgcc.a(_exit.o)
 .text.libgcc.prologue
                0x00000000        0x0 c:/program files (x86)/atmel/studio/7.0/toolchain/avr8/avr8-gnu-toolchain/bin/../lib/gcc/avr/5.4.0/avr5\libgcc.a(_exit.o)
 .text.libgcc.builtins
                0x00000000        0x0 c:/program files (x86)/atmel/studio/7.0/toolchain/avr8/avr8-gnu-toolchain/bin/../lib/gcc/avr/5.4.0/avr5\libgcc.a(_exit.o)
 .text.libgcc.fmul
                0x00000000        0x0 c:/program files (x86)/atmel/studio/7.0/toolchain/avr8/avr8-gnu-toolchain/bin/../lib/gcc/avr/5.4.0/avr5\libgcc.a(_exit.o)
 .text.libgcc.fixed
                0x00000000        0x0 c:/program files (x86)/atmel/studio/7.0/toolchain/avr8/avr8-gnu-toolchain/bin/../lib/gcc/avr/5.4.0/avr5\libgcc.a(_exit.o)
 .text          0x00000000        0x0 c:/program files (x86)/atmel/studio/7.0/toolchain/avr8/avr8-gnu-toolchain/bin/../lib/gcc/avr/5.4.0/avr5\libgcc.a(_copy_data.o)
 .data          0x00000000        0x0 c:/program files (x86)/atmel/studio/7.0/toolchain/avr8/avr8-gnu-toolchain/bin/../lib/gcc/avr/5.4.0/avr5\libgcc.a(_copy_data.o)
 .bss           0x00000000        0x0 c:/program files (x86)/atmel/studio/7.0/toolchain/avr8/avr8-gnu-toolchain/bin/../lib/gcc/avr/5.4.0/avr5\libgcc.a(_copy_data.o)
 .text.libgcc.mul
                0x00000000        0x0 c:/program files (x86)/atmel/studio/7.0/toolchain/avr8/avr8-gnu-toolchain/bin/../lib/gcc/avr/5.4.0/avr5\libgcc.a(_copy_data.o)
 .text.libgcc.div
                0x00000000        0x0 c:/program files (x86)/atmel/studio/7.0/toolchain/avr8/avr8-gnu-toolchain/bin/../lib/gcc/avr/5.4.0/avr5\libgcc.a(_copy_data.o)
 .text.libgcc   0x00000000        0x0 c:/program files (x86)/atmel/studio/7.0/toolchain/avr8/avr8-gnu-toolchain/bin/../lib/gcc/avr/5.4.0/avr5\libgcc.a(_copy_data.o)
 .text.libgcc.prologue
                0x00000000        0x0 c:/program files (x86)/atmel/studio/7.0/toolchain/avr8/avr8-gnu-toolchain/bin/../lib/gcc/avr/5.4.0/avr5\libgcc.a(_copy_data.o)
 .text.libgcc.builtins
                0x00000000        0x0 c:/program files (x86)/atmel/studio/7.0/toolchain/avr8/avr8-gnu-toolchain/bin/../lib/gcc/avr/5.4.0/avr5\libgcc.a(_copy_data.o)
 .text.libgcc.fmul
                0x00000000        0x0 c:/program files (x86)/atmel/studio/7.0/toolchain/avr8/avr8-gnu-toolchain/bin/../lib/gcc/avr/5.4.0/avr5\libgcc.a(_copy_data.o)
 .text.libgcc.fixed
                0x00000000        0x0 c:/program files (x86)/atmel/studio/7.0/toolchain/avr8/avr8-gnu-toolchain/bin/../lib/gcc/avr/5.4.0/avr5\libgcc.a(_copy_data.o)
 .text          0x00000000        0x0 c:/program files (x86)/atmel/studio/7.0/toolchain/avr8/avr8-gnu-toolchain/bin/../lib/gcc/avr/5.4.0/avr5\libgcc.a(_clear_bss.o)
 .data          0x00000000        0x0 c:/program files (x86)/atmel/studio/7.0/toolchain/avr8/avr8-gnu-toolchain/bin/../lib/gcc/avr/5.4.0/avr5\libgcc.a(_clear_bss.o)
 .bss           0x00000000        0x0 c:/program files (x86)/atmel/studio/7.0/toolchain/avr8/avr8-gnu-toolchain/bin/../lib/gcc/avr/5.4.0/avr5\libgcc.a(_clear_bss.o)
 .text.libgcc.mul
                0x00000000        0x0 c:/program files (x86)/atmel/studio/7.0/toolchain/avr8/avr8-gnu-toolchain/bin/../lib/gcc/avr/5.4.0/avr5\libgcc.a(_clear_bss.o)
 .text.libgcc.div
                0x00000000        0x0 c:/program files (x86)/atmel/studio/7.0/toolchain/avr8/avr8-gnu-toolchain/bin/../lib/gcc/avr/5.4.0/avr5\libgcc.a(_clear_bss.o)
 .text.libgcc   0x00000000        0x0 c:/program files (x86)/atmel/studio/7.0/toolchain/avr8/avr8-gnu-toolchain/bin/../lib/gcc/avr/5.4.0/avr5\libgcc.a(_clear_bss.o)
 .text.libgcc.prologue
                0x00000000        0x0 c:/program files (x86)/atmel/studio/7.0/toolchain/avr8/avr8-gnu-toolchain/bin/../lib/gcc/avr/5.4.0/avr5\libgcc.a(_clear_bss.o)
 .text.libgcc.builtins
                0x00000000        0x0 c:/program files (x86)/atmel/studio/7.0/toolchain/avr8/avr8-gnu-toolchain/bin/../lib/gcc/avr/5.4.0/avr5\libgcc.a(_clear_bss.o)
 .text.libgcc.fmul
                0x00000000        0x0 c:/program files (x86)/atmel/studio/7.0/toolchain/avr8/avr8-gnu-toolchain/bin/../lib/gcc/avr/5.4.0/avr5\libgcc.a(_clear_bss.o)
 .text.libgcc.fixed
                0x00000000        0x0 c:/program files (x86)/atmel/studio/7.0/toolchain/avr8/avr8-gnu-toolchain/bin/../lib/gcc/avr/5.4.0/avr5\libgcc.a(_clear_bss.o)
 .text          0x00000000        0x0 c:/program files (x86)/atmel/studio/7.0/toolchain/avr8/avr8-gnu-toolchain/bin/../lib/gcc/avr/5.4.0/avr5\libgcc.a(_umulhisi3.o)
 .data          0x00000000        0x0 c:/program files (x86)/atmel/studio/7.0/toolchain/avr8/avr8-gnu-toolchain/bin/../lib/gcc/avr/5.4.0/avr5\libgcc.a(_umulhisi3.o)
 .bss           0x00000000        0x0 c:/program files (x86)/atmel/studio/7.0/toolchain/avr8/avr8-gnu-toolchain/bin/../lib/gcc/avr/5.4.0/avr5\libgcc.a(_umulhisi3.o)
 .text.libgcc.mul
                0x00000000       0x1e c:/program files (x86)/atmel/studio/7.0/toolchain/avr8/avr8-gnu-toolchain/bin/../lib/gcc/avr/5.4.0/avr5\libgcc.a(_umulhisi3.o)
 .text.libgcc.div
                0x00000000        0x0 c:/program files (x86)/atmel/studio/7.0/toolchain/avr8/avr8-gnu-toolchain/bin/../lib/gcc/avr/5.4.0/avr5\libgcc.a(_umulhisi3.o)
 .text.libgcc   0x00000000        0x0 c:/program files (x86)/atmel/studio/7.0/toolchain/avr8/avr8-gnu-toolchain/bin/../lib/gcc/avr/5.4.0/avr5\libgcc.a(_umulhisi3.o)
 .text.libgcc.prologue
                0x00000000        0x0 c:/program files (x86)/atmel/studio/7.0/toolchain/avr8/avr8-gnu-toolchain/bin/../lib/gcc/avr/5.4.0/avr5\libgcc.a(_umulhisi3.o)
 .text.libgcc.builtins
                0x00000000        0x0 c:/program files (x86)/atmel/studio/7.0/toolchain/avr8/avr8-gnu-toolchain/bin/../lib/gcc/avr/5.4.0/avr5\libgcc.a(_umulhisi3.o)
 .text.libgcc.fmul
                0x00000000        0x0 c:/program files (x86)/atmel/studio/7.0/toolchain/avr8/avr8-gnu-toolchain/bin/../lib/gcc/avr/5.4.0/avr5\libgcc.a(_umulhisi3.o)
 .text.libgcc.fixed
                0x00000000        0x0 c:/program files (x86)/atmel/studio/7.0/toolchain/avr8/avr8-gnu-toolchain/bin/../lib/gcc/avr/5.4.0/avr5\libgcc.a(_umulhisi3.o)
 .text          0x00000000        0x0 c:/program files (x86)/atmel/studio/7.0/toolchain/avr8/avr8-gnu-toolchain/bin/../lib/gcc/avr/5.4.0/avr5\libgcc.a(_muluhisi3.o)
 .data          0x00000000        0x0 c:/program files (x86)/atmel/studio/7.0/toolchain/avr8/avr8-gnu-toolchain/bin/../lib/gcc/avr/5.4.0/avr5\libgcc.a(_muluhisi3.o)
 .bss           0x00000000        0x0 c:/program files (x86)/atmel/studio/7.0/toolchain/avr8/avr8-gnu-toolchain/bin/../lib/gcc/avr/5.4.0/avr5\libgcc.a(_muluhisi3.o)
 .text.libgcc.mul
                0x00000000       0x16 c:/program files (x86)/atmel/studio/7.0/toolchain/avr8/avr8-gnu-toolchain/bin/../lib/gcc/avr/5.4.0/avr5\libgcc.a(_muluhisi3.o)
 .text.libgcc.div
                0x00000000        0x0 c:/program files (x86)/atmel/studio/7.0/toolchain/avr8/avr8-gnu-toolchain/bin/../lib/gcc/avr/5.4.0/avr5\libgcc.a(_muluhisi3.o)
 .text.libgcc   0x00000000        0x0 c:/program files (x86)/atmel/studio/7.0/toolchain/avr8/avr8-gnu-toolchain/bin/../lib/gcc/avr/5.4.0/avr5\libgcc.a(_muluhisi3.o)
 .text.libgcc.prologue
                0x00000000        0x0 c:/program files (x86)/atmel/studio/7.0/toolchain/avr8/avr8-gnu-toolchain/bin/../lib/gcc/avr/5.4.0/avr5\libgcc.a(_muluhisi3.o)
 .text.libgcc.builtins
                0x00000000        0x0 c:/program files (x86)/atmel/studio/7.0/toolchain/avr8/avr8-gnu-toolchain/bin/../lib/gcc/avr/5.4.0/avr5\libgcc.a(_muluhisi3.o)
 .text.libgcc.fmul
                0x00000000        0x0 c:/program files (x86)/atmel/studio/7.0/toolchain/avr8/avr8-gnu-toolchain/bin/../lib/gcc/avr/5.4.0/avr5\libgcc.a(_muluhisi3.o)
 .text.libgcc.fixed
                0x00000000        0x0 c:/program files (x86)/atmel/studio/7.0/toolchain/avr8/avr8-gnu-toolchain/bin/../lib/gcc/avr/5.4.0/avr5\libgcc.a(_muluhisi3.o)
 .text          0x00000000        0x0 c:/program files (x86)/atmel/studio/7.0/toolchain/avr8/avr8-gnu-toolchain/bin/../lib/gcc/avr/5.4.0/avr5\libgcc.a(_udivmodsi4.o)
 .data          0x00000000        0x0 c:/program files (x86)/atmel/studio/7.0/toolchain/avr8/avr8-gnu-toolchain/bin/../lib/gcc/avr/5.4.0/avr5\libgcc.a(_udivmodsi4.o)
 .bss           0x00000000        0x0 c:/program files (x86)/atmel/studio/7.0/toolchain/avr8/avr8-gnu-toolchain/bin/../lib/gcc/avr/5.4.0/avr5\libgcc.a(_udivmodsi4.o)
 .text.libgcc.mul
                0x00000000        0x0 c:/program files (x86)/atmel/studio/7.0/toolchain/avr8/avr8-gnu-toolchain/bin/../lib/gcc/avr/5.4.0/avr5\libgcc.a(_udivmodsi4.o)
 .text.libgcc.div
                0x00000000       0x44 c:/program files (x86)/atmel/studio/7.0/toolchain/avr8/avr8-gnu-toolchain/bin/../lib/gcc/avr/5.4.0/avr5\libgcc.a(_udivmodsi4.o)
 .text.libgcc   0x00000000        0x0 c:/program files (x86)/atmel/studio/7.0/toolchain/avr8/avr8-gnu-toolchain/bin/../lib/gcc/avr/5.4.0/avr5\libgcc.a(_udivmodsi4.o)
 .text.libgcc.prologue
                0x00000000        0x0 c:/program files (x86)/atmel/studio/7.0/toolchain/avr8/avr8-gnu-toolchain/bin/../lib/gcc/avr/5.4.0/avr5\libgcc.a(_udivmodsi4.o)
 .text.libgcc.builtins
                0x00000000        0x0 c:/program files (x86)/atmel/studio/7.0/toolchain/avr8/avr8-gnu-toolchain/bin/../lib/gcc/avr/5.4.0/avr5\libgcc.a(_udivmodsi4.o)
 .text.libgcc.fmul
                0x00000000        0x0 c:/program files (x86)/atmel/studio/7.0/toolchain/avr8/avr8-gnu-toolchain/bin/../lib/gcc/avr/5.4.0/avr5\libgcc.a(_udivmodsi4.o)
 .text.libgcc.fixed
                0x00000000        0x0 c:/program files (x86)/atmel/studio/7.0/toolchain/avr8/avr8-gnu-toolchain/bin/../lib/gcc/avr/5.4.0/avr5\libgcc.a(_udivmodsi4.o)

Memory Configuration

Name             Origin             Length             Attributes
text             0x00000000         0x00008000         xr
data             0x00800060         0x00000800         rw !x
eeprom           0x00810000         0x00000400         rw !x
fuse             0x00820000         0x00000002         rw !x
lock             0x00830000         0x00000400         rw !x
signature        0x00840000         0x00000400         rw !x
user_signatures  0x00850000         0x00000400         rw !x
*default*        0x00000000         0xffffffff

Linker script and memory map

LOAD C:/Program Files (x86)/Atmel/Studio/7.0/Packs/atmel/ATmega_DFP/1.7.374/gcc/dev/atmega32/avr5/crtatmega32.o
LOAD APP/Calculator.o
LOAD APP/convertNumber.o
LOAD APP/Stopwatch.o
LOAD APP/TempFilter.o
LOAD CFG/ADC_Cfg.o
LOAD CFG/DIO_Cfg.o
LOAD CFG/External_Interrupt_Cfg.o
LOAD CFG/KeyPad_Cfg.o
LOAD CFG/LCD_Cfg.o
LOAD CFG/Motors_Cfg.o
LOAD CFG/SevSeg_Cfg.o
LOAD HAL/KeyPad.o
LOAD HAL/LCD.o
LOAD HAL/Motors.o
LOAD HAL/SevSeg.o
LOAD main.o
LOAD MCAL/ADC.o
LOAD MCAL/DIO.o
LOAD MCAL/External_Interrupt.o
LOAD MCAL/Timers.o
START GROUP
LOAD c:/program files (x86)/atmel/studio/7.0/toolchain/avr8/avr8-gnu-toolchain/bin/../lib/gcc/avr/5.4.0/../../../../avr/lib/avr5\libm.a
END GROUP
START GROUP
LOAD c:/program files (x86)/atmel/studio/7.0/toolchain/avr8/avr8-gnu-toolchain/bin/../lib/gcc/avr/5.4.0/avr5\libgcc.a
LOAD c:/program files (x86)/atmel/studio/7.0/toolchain/avr8/avr8-gnu-toolchain/bin/../lib/gcc/avr/5.4.0/../../../../avr/lib/avr5\libm.a
LOAD c:/program files (x86)/atmel/studio/7.0/toolchain/avr8/avr8-gnu-toolchain/bin/../lib/gcc/avr/5.4.0/../../../../avr/lib/avr5\libc.a
LOAD C:/Program Files (x86)/Atmel/Studio/7.0/Packs/atmel/ATmega_DFP/1.7.374/gcc/dev/atmega32/avr5\libatmega32.a
END GROUP
                0x00000000                __TEXT_REGION_ORIGIN__ = DEFINED (__TEXT_REGION_ORIGIN__)?__TEXT_REGION_ORIGIN__:0x0
                [0x00800060]                __DATA_REGION_ORIGIN__ = DEFINED (__DATA_REGION_ORIGIN__)?__DATA_REGION_ORIGIN__:0x800060
                [0x00008000]                __TEXT_REGION_LENGTH__ = DEFINED (__TEXT_REGION_LENGTH__)?__TEXT_REGION_LENGTH__:0x20000
                [0x00000800]                __DATA_REGION_LENGTH__ = DEFINED (__DATA_REGION_LENGTH__)?__DATA_REGION_LENGTH__:0xffa0
                [0x00000400]                __EEPROM_REGION_LENGTH__ = DEFINED (__EEPROM_REGION_LENGTH__)?__EEPROM_REGION_LENGTH__:0x10000
                [0x00000002]                __FUSE_REGION_LENGTH__ = DEFINED (__FUSE_REGION_LENGTH__)?__FUSE_REGION_LENGTH__:0x400
                0x00000400                __LOCK_REGION_LENGTH__ = DEFINED (__LOCK_REGION_LENGTH__)?__LOCK_REGION_LENGTH__:0x400
                0x00000400                __SIGNATURE_REGION_LENGTH__ = DEFINED (__SIGNATURE_REGION_LENGTH__)?__SIGNATURE_REGION_LENGTH__:0x400
                0x00000400                __USER_SIGNATURE_REGION_LENGTH__ = DEFINED (__USER_SIGNATURE_REGION_LENGTH__)?__USER_SIGNATURE_REGION_LENGTH__:0x400

.hash
 *(.hash)

.dynsym
 *(.dynsym)

.dynstr
 *(.dynstr)

.gnu.version
 *(.gnu.version)

.gnu.version_d
 *(.gnu.version_d)

.gnu.version_r
 *(.gnu.version_r)

.rel.init
 *(.rel.init)

.rela.init
 *(.rela.init)

.rel.text
 *(.rel.text)
 *(.rel.text.*)
 *(.rel.gnu.linkonce.t*)

.rela.text
 *(.rela.text)
 *(.rela.text.*)
 *(.rela.gnu.linkonce.t*)

.rel.fini
 *(.rel.fini)

.rela.fini
 *(.rela.fini)

.rel.rodata
 *(.rel.rodata)
 *(.rel.rodata.*)
 *(.rel.gnu.linkonce.r*)

.rela.rodata
 *(.rela.rodata)
 *(.rela.rodata.*)
 *(.rela.gnu.linkonce.r*)

.rel.data
 *(.rel.data)
 *(.rel.data.*)
 *(.rel.gnu.linkonce.d*)

.rela.data
 *(.rela.data)
 *(.rela.data.*)
 *(.rela.gnu.linkonce.d*)

.rel.ctors
 *(.rel.ctors)

.rela.ctors
 *(.rela.ctors)

.rel.dtors
 *(.rel.dtors)

.rela.dtors
 *(.rela.dtors)

.rel.got
 *(.rel.got)

.rela.got
 *(.rela.got)

.rel.bss
 *(.rel.bss)

.rela.bss
 *(.rela.bss)

.rel.plt
 *(.rel.plt)

.rela.plt
 *(.rela.plt)

.text           0x00000000      0x17c
 *(.vectors)
 .vectors       0x00000000       0x54 C:/Program Files (x86)/Atmel/Studio/7.0/Packs/atmel/ATmega_DFP/1.7.374/gcc/dev/atmega32/avr5/crtatmega32.o
                0x00000000                __vector_default
                0x00000000                __vectors
 *(.vectors)
 *(.progmem.gcc*)
                0x00000054                . = ALIGN (0x2)
                0x00000054                __trampolines_start = .
 *(.trampolines)
 .trampolines   0x00000054        0x0 linker stubs
 *(.trampolines*)
                0x00000054                __trampolines_end = .
 *libprintf_flt.a:*(.progmem.data)
 *libc.a:*(.progmem.data)
 *(.progmem*)
                0x00000054                . = ALIGN (0x2)
 *(.jumptables)
 *(.jumptables*)
 *(.lowtext)
 *(.lowtext*)
                0x00000054                __ctors_start = .
 *(.ctors)
                0x00000054                __ctors_end = .
                0x00000054                __dtors_start = .
 *(.dtors)
                0x00000054                __dtors_end = .
 SORT(*)(.ctors)
 SORT(*)(.dtors)
 *(.init0)
 .init0         0x00000054        0x0 C:/Program Files (x86)/Atmel/Studio/7.0/Packs/atmel/ATmega_DFP/1.7.374/gcc/dev/atmega32/avr5/crtatmega32.o
                0x00000054                __init
 *(.init0)
 *(.init1)
 *(.init1)
 *(.init2)
 .init2         0x00000054        0xc C:/Program Files (x86)/Atmel/Studio/7.0/Packs/atmel/ATmega_DFP/1.7.374/gcc/dev/atmega32/avr5/crtatmega32.o
 *(.init2)
 *(.init3)
 *(.init3)
 *(.init4)
 .init4         0x00000060       0x16 c:/program files (x86)/atmel/studio/7.0/toolchain/avr8/avr8-gnu-toolchain/bin/../lib/gcc/avr/5.4.0/avr5\libgcc.a(_copy_data.o)
                0x00000060                __do_copy_data
 .init4         0x00000076       0x10 c:/program files (x86)/atmel/studio/7.0/toolchain/avr8/avr8-gnu-toolchain/bin/../lib/gcc/avr/5.4.0/avr5\libgcc.a(_clear_bss.o)
                0x00000076                __do_clear_bss
 *(.init4)
 *(.init5)
 *(.init5)
 *(.init6)
 *(.init6)
 *(.init7)
 *(.init7)
 *(.init8)
 *(.init8)
 *(.init9)
 .init9         0x00000086        0x4 C:/Program Files (x86)/Atmel/Studio/7.0/Packs/atmel/ATmega_DFP/1.7.374/gcc/dev/atmega32/avr5/crtatmega32.o
 *(.init9)
 *(.text)
 .text          0x0000008a        0x2 C:/Program Files (x86)/Atmel/Studio/7.0/Packs/atmel/ATmega_DFP/1.7.374/gcc/dev/atmega32/avr5/crtatmega32.o
                0x0000008a                __vector_12
                0x0000008a                __bad_interrupt
                0x0000008a                __vector_6
                0x0000008a                __vector_11
                0x0000008a                __vector_13
                0x0000008a                __vector_17
                0x0000008a                __vector_19
                0x0000008a                __vector_7
                0x0000008a                __vector_5
                0x0000008a                __vector_4
                0x0000008a                __vector_9
                0x0000008a                __vector_15
                0x0000008a                __vector_8
                0x0000008a                __vector_14
                0x0000008a                __vector_10
                0x0000008a                __vector_16
                0x0000008a                __vector_18
                0x0000008a                __vector_20
                0x0000008c                . = ALIGN (0x2)
 *(.text.*)
 .text.startup.main
                0x0000008c        0x2 main.o
                0x0000008c                main
 .text.__vector_3
                0x0000008e       0x4e MCAL/External_Interrupt.o
                0x0000008e                __vector_3
 .text.__vector_1
                0x000000dc       0x4e MCAL/External_Interrupt.o
                0x000000dc                __vector_1
 .text.__vector_2
                0x0000012a       0x4e MCAL/External_Interrupt.o
                0x0000012a                __vector_2
                0x00000178                . = ALIGN (0x2)
 *(.fini9)
 .fini9         0x00000178        0x0 c:/program files (x86)/atmel/studio/7.0/toolchain/avr8/avr8-gnu-toolchain/bin/../lib/gcc/avr/5.4.0/avr5\libgcc.a(_exit.o)
                0x00000178                _exit
                0x00000178                exit
 *(.fini9)
 *(.fini8)
 *(.fini8)
 *(.fini7)
 *(.fini7)
 *(.fini6)
 *(.fini6)
 *(.fini5)
 *(.fini5)
 *(.fini4)
 *(.fini4)
 *(.fini3)
 *(.fini3)
 *(.fini2)
 *(.fini2)
 *(.fini1)
 *(.fini1)
 *(.fini0)
 .fini0         0x00000178        0x4 c:/program files (x86)/atmel/studio/7.0/toolchain/avr8/avr8-gnu-toolchain/bin/../lib/gcc/avr/5.4.0/avr5\libgcc.a(_exit.o)
 *(.fini0)
                0x0000017c                _etext = .

.data           0x00800060        0x0 load address 0x0000017c
                0x00800060                PROVIDE (__data_start, .)
 *(.data)
 *(.data*)
 *(.gnu.linkonce.d*)
 *(.rodata)
 *(.rodata*)
 *(.gnu.linkonce.r*)
                0x00800060                . = ALIGN (0x2)
                0x00800060                _edata = .
                0x00800060                PROVIDE (__data_end, .)

.bss            0x00800060        0x6
                0x00800060                PROVIDE (__bss_start, .)
 *(.bss)
 *(.bss*)
 .bss.CallBack  0x00800060        0x6 MCAL/External_Interrupt.o
 *(COMMON)
                0x00800066                PROVIDE (__bss_end, .)
                0x0000017c                __data_load_start = LOADADDR (.data)
                0x0000017c                __data_load_end = (__data_load_start + SIZEOF (.data))

.noinit         0x00800066        0x0
                [!provide]                PROVIDE (__noinit_start, .)
 *(.noinit*)
                [!provide]                PROVIDE (__noinit_end, .)
                0x00800066                _end = .
                [!provide]                PROVIDE (__heap_start, .)

.eeprom         0x00810000        0x0
 *(.eeprom*)
                0x00810000                __eeprom_end = .

.fuse
 *(.fuse)
 *(.lfuse)
 *(.hfuse)
 *(.efuse)

.lock
 *(.lock*)

.signature
 *(.signature*)

.user_signatures
 *(.user_signatures*)

.stab
 *(.stab)

.stabstr
 *(.stabstr)

.stab.excl
 *(.stab.excl)

.stab.exclstr
 *(.stab.exclstr)

.stab.index
 *(.stab.index)

.stab.indexstr
 *(.stab.indexstr)

.comment        0x00000000       0x30
 *(.comment)
 .comment       0x00000000       0x30 main.o
                                 0x31 (size before relaxing)
 .comment       0x00000030       0x31 MCAL/External_Interrupt.o

.note.gnu.avr.deviceinfo
                0x00000000       0x3c
 .note.gnu.avr.deviceinfo
                0x00000000       0x3c C:/Program Files (x86)/Atmel/Studio/7.0/Packs/atmel/ATmega_DFP/1.7.374/gcc/dev/atmega32/avr5/crtatmega32.o

.note.gnu.build-id
 *(.note.gnu.build-id)

.debug
 *(.debug)

.line
 *(.line)

.debug_srcinfo
 *(.debug_srcinfo)

.debug_sfnames
 *(.debug_sfnames)

.debug_aranges  0x00000000       0x70
 *(.debug_aranges)
 .debug_aranges
                0x00000000       0x20 main.o
 .debug_aranges
                0x00000020       0x50 MCAL/External_Interrupt.o

.debug_pubnames
 *(.debug_pubnames)

.debug_info     0x00000000      0x7c0
 *(.debug_info .gnu.linkonce.wi.*)
 .debug_info    0x00000000      0x4e6 C:/Program Files (x86)/Atmel/Studio/7.0/Packs/atmel/ATmega_DFP/1.7.374/gcc/dev/atmega32/avr5/crtatmega32.o
 .debug_info    0x000004e6       0x8f main.o
 .debug_info    0x00000575      0x24b MCAL/External_Interrupt.o

.debug_abbrev   0x00000000      0x617
 *(.debug_abbrev)
 .debug_abbrev  0x00000000      0x4a3 C:/Program Files (x86)/Atmel/Studio/7.0/Packs/atmel/ATmega_DFP/1.7.374/gcc/dev/atmega32/avr5/crtatmega32.o
 .debug_abbrev  0x000004a3       0x4a main.o
 .debug_abbrev  0x000004ed      0x12a MCAL/External_Interrupt.o

.debug_line     0x00000000      0x487
 *(.debug_line .debug_line.* .debug_line_end)
 .debug_line    0x00000000      0x116 C:/Program Files (x86)/Atmel/Studio/7.0/Packs/atmel/ATmega_DFP/1.7.374/gcc/dev/atmega32/avr5/crtatmega32.o
 .debug_line    0x00000116      0x1fe main.o
 .debug_line    0x00000314      0x173 MCAL/External_Interrupt.o

.debug_frame    0x00000000      0x180
 *(.debug_frame)
 .debug_frame   0x00000000       0x24 main.o
 .debug_frame   0x00000024      0x15c MCAL/External_Interrupt.o

.debug_str      0x00000000     0x50cc
 *(.debug_str)
 .debug_str     0x00000000      0x196 C:/Program Files (x86)/Atmel/Studio/7.0/Packs/atmel/ATmega_DFP/1.7.374/gcc/dev/atmega32/avr5/crtatmega32.o
 .debug_str     0x00000196     0x4e4d main.o
                               0x4eba (size before relaxing)
 .debug_str     0x00004fe3       0xe9 MCAL/External_Interrupt.o
                               0x3eb6 (size before relaxing)

.debug_loc      0x00000000      0x37b
 *(.debug_loc)
 .debug_loc     0x00000000      0x37b MCAL/External_Interrupt.o

.debug_macinfo
 *(.debug_macinfo)

.debug_weaknames
 *(.debug_weaknames)

.debug_funcnames
 *(.debug_funcnames)

.debug_typenames
 *(.debug_typenames)

.debug_varnames
 *(.debug_varnames)

.debug_pubtypes
 *(.debug_pubtypes)

.debug_ranges   0x00000000       0x50
 *(.debug_ranges)
 .debug_ranges  0x00000000       0x10 main.o
 .debug_ranges  0x00000010       0x40 MCAL/External_Interrupt.o

.debug_macro    0x00000000       0xc4
 *(.debug_macro)
 .debug_macro   0x00000000       0x8a main.o
 .debug_macro   0x0000008a       0x3a MCAL/External_Interrupt.o
OUTPUT(simpleDIO.elf elf32-avr)
LOAD linker stubs
